> Task :gradle-plugin:settings-plugin:checkKotlinGradlePluginConfigurationErrors
> Task :gradle-plugin:shared:checkKotlinGradlePluginConfigurationErrors
> Task :gradle-plugin:shared:compileKotlin UP-TO-DATE
> Task :gradle-plugin:shared:compileJava NO-SOURCE
> Task :gradle-plugin:shared:processResources NO-SOURCE
> Task :gradle-plugin:shared:classes UP-TO-DATE
> Task :gradle-plugin:shared:jar UP-TO-DATE
> Task :gradle-plugin:settings-plugin:compileKotlin UP-TO-DATE
> Task :gradle-plugin:settings-plugin:compileJava NO-SOURCE
> Task :gradle-plugin:settings-plugin:pluginDescriptors UP-TO-DATE
> Task :gradle-plugin:settings-plugin:processResources UP-TO-DATE
> Task :gradle-plugin:settings-plugin:classes UP-TO-DATE
> Task :gradle-plugin:settings-plugin:jar UP-TO-DATE
> Task :gradle-plugin:react-native-gradle-plugin:checkKotlinGradlePluginConfigurationErrors
> Task :gradle-plugin:react-native-gradle-plugin:compileKotlin UP-TO-DATE
> Task :gradle-plugin:react-native-gradle-plugin:compileJava NO-SOURCE
> Task :gradle-plugin:react-native-gradle-plugin:pluginDescriptors UP-TO-DATE
> Task :gradle-plugin:react-native-gradle-plugin:processResources UP-TO-DATE
> Task :gradle-plugin:react-native-gradle-plugin:classes UP-TO-DATE
> Task :gradle-plugin:react-native-gradle-plugin:jar UP-TO-DATE

> Configure project :expo

Using expo modules
  - [32mexpo-application[0m (6.0.2)
  - [32mexpo-asset[0m (11.0.5)
  - [32mexpo-blur[0m (14.0.3)
  - [32mexpo-camera[0m (16.0.18)
  - [32mexpo-constants[0m (17.0.8)
  - [32mexpo-device[0m (7.0.3)
  - [32mexpo-file-system[0m (18.0.12)
  - [32mexpo-font[0m (13.0.4)
  - [32mexpo-haptics[0m (14.0.1)
  - [32mexpo-image-loader[0m (5.0.0)
  - [32mexpo-image-picker[0m (16.0.6)
  - [32mexpo-keep-awake[0m (14.0.3)
  - [32mexpo-linear-gradient[0m (14.0.2)
  - [32mexpo-location[0m (18.0.10)
  - [32mexpo-modules-core[0m (2.2.3)
  - [32mexpo-notifications[0m (0.29.14)
  - [32mexpo-system-ui[0m (4.0.9)


> Configure project :react-native-reanimated
Android gradle plugin: 8.6.0
Gradle: 8.10.2

> Task :app:checkKotlinGradlePluginConfigurationErrors
> Task :app:generateAutolinkingPackageList UP-TO-DATE
> Task :app:generateCodegenSchemaFromJavaScript SKIPPED
> Task :app:generateCodegenArtifactsFromSchema SKIPPED
> Task :app:preBuild UP-TO-DATE
> Task :app:preReleaseBuild UP-TO-DATE
> Task :app:generateReleaseBuildConfig UP-TO-DATE
> Task :expo:generateExpoModulesPackageListTask UP-TO-DATE
> Task :expo:preBuild UP-TO-DATE
> Task :expo:preReleaseBuild UP-TO-DATE
> Task :expo:writeReleaseAarMetadata UP-TO-DATE
> Task :expo-application:preBuild UP-TO-DATE
> Task :expo-application:preReleaseBuild UP-TO-DATE
> Task :expo-application:writeReleaseAarMetadata UP-TO-DATE
> Task :expo-asset:preBuild UP-TO-DATE
> Task :expo-asset:preReleaseBuild UP-TO-DATE
> Task :expo-asset:writeReleaseAarMetadata UP-TO-DATE
> Task :expo-blur:preBuild UP-TO-DATE
> Task :expo-blur:preReleaseBuild UP-TO-DATE
> Task :expo-blur:writeReleaseAarMetadata UP-TO-DATE
> Task :expo-camera:preBuild UP-TO-DATE
> Task :expo-camera:preReleaseBuild UP-TO-DATE
> Task :expo-camera:writeReleaseAarMetadata UP-TO-DATE

> Task :expo-constants:createExpoConfig
The NODE_ENV environment variable is required but was not specified. Ensure the project is bundled with Expo CLI or NODE_ENV is set.
Proceeding without mode-specific .env
env: load .env
env: export EXPO_PUBLIC_SUPABASE_URL EXPO_PUBLIC_SUPABASE_ANON_KEY EXPO_PUBLIC_GOOGLE_MAPS_API_KEY EXPO_PUBLIC_STRIPE_PUBLISHABLE_KEY EXPO_PUBLIC_MAPBOX_ACCESS_TOKEN

> Task :expo-constants:preBuild
> Task :expo-constants:preReleaseBuild
> Task :expo-constants:writeReleaseAarMetadata UP-TO-DATE
> Task :expo-device:preBuild UP-TO-DATE
> Task :expo-device:preReleaseBuild UP-TO-DATE
> Task :expo-device:writeReleaseAarMetadata UP-TO-DATE
> Task :expo-file-system:preBuild UP-TO-DATE
> Task :expo-file-system:preReleaseBuild UP-TO-DATE
> Task :expo-file-system:writeReleaseAarMetadata UP-TO-DATE
> Task :expo-font:preBuild UP-TO-DATE
> Task :expo-font:preReleaseBuild UP-TO-DATE
> Task :expo-font:writeReleaseAarMetadata UP-TO-DATE
> Task :expo-haptics:preBuild UP-TO-DATE
> Task :expo-haptics:preReleaseBuild UP-TO-DATE
> Task :expo-haptics:writeReleaseAarMetadata UP-TO-DATE
> Task :expo-image-loader:preBuild UP-TO-DATE
> Task :expo-image-loader:preReleaseBuild UP-TO-DATE
> Task :expo-image-loader:writeReleaseAarMetadata UP-TO-DATE
> Task :expo-image-picker:preBuild UP-TO-DATE
> Task :expo-image-picker:preReleaseBuild UP-TO-DATE
> Task :expo-image-picker:writeReleaseAarMetadata UP-TO-DATE
> Task :expo-keep-awake:preBuild UP-TO-DATE
> Task :expo-keep-awake:preReleaseBuild UP-TO-DATE
> Task :expo-keep-awake:writeReleaseAarMetadata UP-TO-DATE
> Task :expo-linear-gradient:preBuild UP-TO-DATE
> Task :expo-linear-gradient:preReleaseBuild UP-TO-DATE
> Task :expo-linear-gradient:writeReleaseAarMetadata UP-TO-DATE
> Task :expo-location:preBuild UP-TO-DATE
> Task :expo-location:preReleaseBuild UP-TO-DATE
> Task :expo-location:writeReleaseAarMetadata UP-TO-DATE
> Task :expo-modules-core:preBuild UP-TO-DATE
> Task :expo-modules-core:preReleaseBuild UP-TO-DATE
> Task :expo-modules-core:writeReleaseAarMetadata UP-TO-DATE
> Task :expo-notifications:preBuild UP-TO-DATE
> Task :expo-notifications:preReleaseBuild UP-TO-DATE
> Task :expo-notifications:writeReleaseAarMetadata UP-TO-DATE
> Task :expo-system-ui:preBuild UP-TO-DATE
> Task :expo-system-ui:preReleaseBuild UP-TO-DATE
> Task :expo-system-ui:writeReleaseAarMetadata UP-TO-DATE
> Task :lottie-react-native:preBuild UP-TO-DATE
> Task :lottie-react-native:preReleaseBuild UP-TO-DATE
> Task :lottie-react-native:writeReleaseAarMetadata UP-TO-DATE
> Task :react-native-async-storage_async-storage:preBuild UP-TO-DATE
> Task :react-native-async-storage_async-storage:preReleaseBuild UP-TO-DATE
> Task :react-native-async-storage_async-storage:writeReleaseAarMetadata UP-TO-DATE
> Task :react-native-community_netinfo:preBuild UP-TO-DATE
> Task :react-native-community_netinfo:preReleaseBuild UP-TO-DATE
> Task :react-native-community_netinfo:writeReleaseAarMetadata UP-TO-DATE
> Task :react-native-community_slider:preBuild UP-TO-DATE
> Task :react-native-community_slider:preReleaseBuild UP-TO-DATE
> Task :react-native-community_slider:writeReleaseAarMetadata UP-TO-DATE
> Task :react-native-gesture-handler:preBuild UP-TO-DATE
> Task :react-native-gesture-handler:preReleaseBuild UP-TO-DATE
> Task :react-native-gesture-handler:writeReleaseAarMetadata UP-TO-DATE
> Task :react-native-maps:preBuild UP-TO-DATE
> Task :react-native-maps:preReleaseBuild UP-TO-DATE
> Task :react-native-maps:writeReleaseAarMetadata UP-TO-DATE
> Task :react-native-reanimated:assertLatestReactNativeWithNewArchitectureTask SKIPPED
> Task :react-native-reanimated:assertMinimalReactNativeVersionTask SKIPPED
> Task :react-native-reanimated:prepareReanimatedHeadersForPrefabs UP-TO-DATE
> Task :react-native-reanimated:prepareWorkletsHeadersForPrefabs UP-TO-DATE
> Task :react-native-reanimated:preBuild UP-TO-DATE
> Task :react-native-reanimated:preReleaseBuild UP-TO-DATE
> Task :react-native-reanimated:writeReleaseAarMetadata UP-TO-DATE
> Task :react-native-safe-area-context:preBuild UP-TO-DATE
> Task :react-native-safe-area-context:preReleaseBuild UP-TO-DATE
> Task :react-native-safe-area-context:writeReleaseAarMetadata UP-TO-DATE
> Task :react-native-screens:preBuild UP-TO-DATE
> Task :react-native-screens:preReleaseBuild UP-TO-DATE
> Task :react-native-screens:writeReleaseAarMetadata UP-TO-DATE
> Task :react-native-svg:preBuild UP-TO-DATE
> Task :react-native-svg:preReleaseBuild UP-TO-DATE
> Task :react-native-svg:writeReleaseAarMetadata UP-TO-DATE
> Task :sentry_react-native:preBuild UP-TO-DATE
> Task :sentry_react-native:preReleaseBuild UP-TO-DATE
> Task :sentry_react-native:writeReleaseAarMetadata UP-TO-DATE
> Task :stripe_stripe-react-native:preBuild UP-TO-DATE
> Task :stripe_stripe-react-native:preReleaseBuild UP-TO-DATE
> Task :stripe_stripe-react-native:writeReleaseAarMetadata UP-TO-DATE
> Task :app:checkReleaseAarMetadata UP-TO-DATE
> Task :app:createBundleReleaseJsAndAssets UP-TO-DATE
> Task :app:generateReleaseResValues UP-TO-DATE
> Task :expo:generateReleaseResValues UP-TO-DATE
> Task :expo:generateReleaseResources UP-TO-DATE
> Task :expo:packageReleaseResources UP-TO-DATE
> Task :expo-application:generateReleaseResValues UP-TO-DATE
> Task :expo-application:generateReleaseResources UP-TO-DATE
> Task :expo-application:packageReleaseResources UP-TO-DATE
> Task :expo-asset:generateReleaseResValues UP-TO-DATE
> Task :expo-asset:generateReleaseResources UP-TO-DATE
> Task :expo-asset:packageReleaseResources UP-TO-DATE
> Task :expo-blur:generateReleaseResValues UP-TO-DATE
> Task :expo-blur:generateReleaseResources UP-TO-DATE
> Task :expo-blur:packageReleaseResources UP-TO-DATE
> Task :expo-camera:generateReleaseResValues UP-TO-DATE
> Task :expo-camera:generateReleaseResources UP-TO-DATE
> Task :expo-camera:packageReleaseResources UP-TO-DATE
> Task :expo-constants:generateReleaseResValues UP-TO-DATE
> Task :expo-constants:generateReleaseResources UP-TO-DATE
> Task :expo-constants:packageReleaseResources UP-TO-DATE
> Task :expo-device:generateReleaseResValues UP-TO-DATE
> Task :expo-device:generateReleaseResources UP-TO-DATE
> Task :expo-device:packageReleaseResources UP-TO-DATE
> Task :expo-file-system:generateReleaseResValues UP-TO-DATE
> Task :expo-file-system:generateReleaseResources UP-TO-DATE
> Task :expo-file-system:packageReleaseResources UP-TO-DATE
> Task :expo-font:generateReleaseResValues UP-TO-DATE
> Task :expo-font:generateReleaseResources UP-TO-DATE
> Task :expo-font:packageReleaseResources UP-TO-DATE
> Task :expo-haptics:generateReleaseResValues UP-TO-DATE
> Task :expo-haptics:generateReleaseResources UP-TO-DATE
> Task :expo-haptics:packageReleaseResources UP-TO-DATE
> Task :expo-image-loader:generateReleaseResValues UP-TO-DATE
> Task :expo-image-loader:generateReleaseResources UP-TO-DATE
> Task :expo-image-loader:packageReleaseResources UP-TO-DATE
> Task :expo-image-picker:generateReleaseResValues UP-TO-DATE
> Task :expo-image-picker:generateReleaseResources UP-TO-DATE
> Task :expo-image-picker:packageReleaseResources UP-TO-DATE
> Task :expo-keep-awake:generateReleaseResValues UP-TO-DATE
> Task :expo-keep-awake:generateReleaseResources UP-TO-DATE
> Task :expo-keep-awake:packageReleaseResources UP-TO-DATE
> Task :expo-linear-gradient:generateReleaseResValues UP-TO-DATE
> Task :expo-linear-gradient:generateReleaseResources UP-TO-DATE
> Task :expo-linear-gradient:packageReleaseResources UP-TO-DATE
> Task :expo-location:generateReleaseResValues UP-TO-DATE
> Task :expo-location:generateReleaseResources UP-TO-DATE
> Task :expo-location:packageReleaseResources UP-TO-DATE
> Task :expo-modules-core:generateReleaseResValues UP-TO-DATE
> Task :expo-modules-core:generateReleaseResources UP-TO-DATE
> Task :expo-modules-core:packageReleaseResources UP-TO-DATE
> Task :expo-notifications:generateReleaseResValues UP-TO-DATE
> Task :expo-notifications:generateReleaseResources UP-TO-DATE
> Task :expo-notifications:packageReleaseResources UP-TO-DATE
> Task :expo-system-ui:generateReleaseResValues UP-TO-DATE
> Task :expo-system-ui:generateReleaseResources UP-TO-DATE
> Task :expo-system-ui:packageReleaseResources UP-TO-DATE
> Task :lottie-react-native:generateReleaseResValues UP-TO-DATE
> Task :lottie-react-native:generateReleaseResources UP-TO-DATE
> Task :lottie-react-native:packageReleaseResources UP-TO-DATE
> Task :react-native-async-storage_async-storage:generateReleaseResValues UP-TO-DATE
> Task :react-native-async-storage_async-storage:generateReleaseResources UP-TO-DATE
> Task :react-native-async-storage_async-storage:packageReleaseResources UP-TO-DATE
> Task :react-native-community_netinfo:generateReleaseResValues UP-TO-DATE
> Task :react-native-community_netinfo:generateReleaseResources UP-TO-DATE
> Task :react-native-community_netinfo:packageReleaseResources UP-TO-DATE
> Task :react-native-community_slider:generateReleaseResValues UP-TO-DATE
> Task :react-native-community_slider:generateReleaseResources UP-TO-DATE
> Task :react-native-community_slider:packageReleaseResources UP-TO-DATE
> Task :react-native-gesture-handler:generateReleaseResValues UP-TO-DATE
> Task :react-native-gesture-handler:generateReleaseResources UP-TO-DATE
> Task :react-native-gesture-handler:packageReleaseResources UP-TO-DATE
> Task :react-native-maps:generateReleaseResValues UP-TO-DATE
> Task :react-native-maps:generateReleaseResources UP-TO-DATE
> Task :react-native-maps:packageReleaseResources UP-TO-DATE
> Task :react-native-reanimated:generateReleaseResValues UP-TO-DATE
> Task :react-native-reanimated:generateReleaseResources UP-TO-DATE
> Task :react-native-reanimated:packageReleaseResources UP-TO-DATE
> Task :react-native-safe-area-context:generateReleaseResValues UP-TO-DATE
> Task :react-native-safe-area-context:generateReleaseResources UP-TO-DATE
> Task :react-native-safe-area-context:packageReleaseResources UP-TO-DATE
> Task :react-native-screens:generateReleaseResValues UP-TO-DATE
> Task :react-native-screens:generateReleaseResources UP-TO-DATE
> Task :react-native-screens:packageReleaseResources UP-TO-DATE
> Task :react-native-svg:generateReleaseResValues UP-TO-DATE
> Task :react-native-svg:generateReleaseResources UP-TO-DATE
> Task :react-native-svg:packageReleaseResources UP-TO-DATE
> Task :sentry_react-native:generateReleaseResValues UP-TO-DATE
> Task :sentry_react-native:generateReleaseResources UP-TO-DATE
> Task :sentry_react-native:packageReleaseResources UP-TO-DATE
> Task :stripe_stripe-react-native:generateReleaseResValues UP-TO-DATE
> Task :stripe_stripe-react-native:generateReleaseResources UP-TO-DATE
> Task :stripe_stripe-react-native:packageReleaseResources UP-TO-DATE
> Task :app:mapReleaseSourceSetPaths UP-TO-DATE
> Task :app:generateReleaseResources UP-TO-DATE
> Task :app:mergeReleaseResources UP-TO-DATE
> Task :app:packageReleaseResources UP-TO-DATE
> Task :app:parseReleaseLocalResources UP-TO-DATE
> Task :app:createReleaseCompatibleScreenManifests UP-TO-DATE
> Task :app:extractDeepLinksRelease UP-TO-DATE
> Task :expo:extractDeepLinksRelease UP-TO-DATE
> Task :expo:processReleaseManifest UP-TO-DATE
> Task :expo-application:extractDeepLinksRelease UP-TO-DATE
> Task :expo-application:processReleaseManifest UP-TO-DATE
> Task :expo-asset:extractDeepLinksRelease UP-TO-DATE
> Task :expo-asset:processReleaseManifest UP-TO-DATE
> Task :expo-blur:extractDeepLinksRelease UP-TO-DATE
> Task :expo-blur:processReleaseManifest UP-TO-DATE
> Task :expo-camera:extractDeepLinksRelease UP-TO-DATE
> Task :expo-camera:processReleaseManifest UP-TO-DATE
> Task :expo-constants:extractDeepLinksRelease UP-TO-DATE
> Task :expo-constants:processReleaseManifest UP-TO-DATE
> Task :expo-device:extractDeepLinksRelease UP-TO-DATE
> Task :expo-device:processReleaseManifest UP-TO-DATE
> Task :expo-file-system:extractDeepLinksRelease UP-TO-DATE
> Task :expo-file-system:processReleaseManifest UP-TO-DATE
> Task :expo-font:extractDeepLinksRelease UP-TO-DATE
> Task :expo-font:processReleaseManifest UP-TO-DATE
> Task :expo-haptics:extractDeepLinksRelease UP-TO-DATE
> Task :expo-haptics:processReleaseManifest UP-TO-DATE
> Task :expo-image-loader:extractDeepLinksRelease UP-TO-DATE
> Task :expo-image-loader:processReleaseManifest UP-TO-DATE
> Task :expo-image-picker:extractDeepLinksRelease UP-TO-DATE
> Task :expo-image-picker:processReleaseManifest UP-TO-DATE
> Task :expo-keep-awake:extractDeepLinksRelease UP-TO-DATE
> Task :expo-keep-awake:processReleaseManifest UP-TO-DATE
> Task :expo-linear-gradient:extractDeepLinksRelease UP-TO-DATE
> Task :expo-linear-gradient:processReleaseManifest UP-TO-DATE
> Task :expo-location:extractDeepLinksRelease UP-TO-DATE
> Task :expo-location:processReleaseManifest UP-TO-DATE
> Task :expo-modules-core:extractDeepLinksRelease UP-TO-DATE
> Task :expo-modules-core:processReleaseManifest UP-TO-DATE
> Task :expo-notifications:extractDeepLinksRelease UP-TO-DATE
> Task :expo-notifications:processReleaseManifest UP-TO-DATE
> Task :expo-system-ui:extractDeepLinksRelease UP-TO-DATE
> Task :expo-system-ui:processReleaseManifest UP-TO-DATE
> Task :lottie-react-native:extractDeepLinksRelease UP-TO-DATE
> Task :lottie-react-native:processReleaseManifest UP-TO-DATE
> Task :react-native-async-storage_async-storage:extractDeepLinksRelease UP-TO-DATE
> Task :react-native-async-storage_async-storage:processReleaseManifest UP-TO-DATE
> Task :react-native-community_netinfo:extractDeepLinksRelease UP-TO-DATE
> Task :react-native-community_netinfo:processReleaseManifest UP-TO-DATE
> Task :react-native-community_slider:extractDeepLinksRelease UP-TO-DATE
> Task :react-native-community_slider:processReleaseManifest UP-TO-DATE
> Task :react-native-gesture-handler:extractDeepLinksRelease UP-TO-DATE
> Task :react-native-gesture-handler:processReleaseManifest UP-TO-DATE
> Task :react-native-maps:extractDeepLinksRelease UP-TO-DATE
> Task :react-native-maps:processReleaseManifest UP-TO-DATE
> Task :react-native-reanimated:extractDeepLinksRelease UP-TO-DATE
> Task :react-native-reanimated:processReleaseManifest UP-TO-DATE
> Task :react-native-safe-area-context:extractDeepLinksRelease UP-TO-DATE
> Task :react-native-safe-area-context:processReleaseManifest UP-TO-DATE
> Task :react-native-screens:extractDeepLinksRelease UP-TO-DATE
> Task :react-native-screens:processReleaseManifest UP-TO-DATE
> Task :react-native-svg:extractDeepLinksRelease UP-TO-DATE
> Task :react-native-svg:processReleaseManifest UP-TO-DATE
> Task :sentry_react-native:extractDeepLinksRelease UP-TO-DATE
> Task :sentry_react-native:processReleaseManifest UP-TO-DATE
> Task :stripe_stripe-react-native:extractDeepLinksRelease UP-TO-DATE
> Task :stripe_stripe-react-native:processReleaseManifest UP-TO-DATE
> Task :app:processReleaseMainManifest UP-TO-DATE
> Task :app:processReleaseManifest UP-TO-DATE
> Task :app:processReleaseManifestForPackage UP-TO-DATE
> Task :expo:compileReleaseLibraryResources UP-TO-DATE
> Task :expo:parseReleaseLocalResources UP-TO-DATE
> Task :expo:generateReleaseRFile UP-TO-DATE
> Task :expo-application:compileReleaseLibraryResources UP-TO-DATE
> Task :expo-application:parseReleaseLocalResources UP-TO-DATE
> Task :expo-application:generateReleaseRFile UP-TO-DATE
> Task :expo-asset:compileReleaseLibraryResources UP-TO-DATE
> Task :expo-asset:parseReleaseLocalResources UP-TO-DATE
> Task :expo-asset:generateReleaseRFile UP-TO-DATE
> Task :expo-blur:compileReleaseLibraryResources UP-TO-DATE
> Task :expo-blur:parseReleaseLocalResources UP-TO-DATE
> Task :expo-blur:generateReleaseRFile UP-TO-DATE
> Task :expo-camera:compileReleaseLibraryResources UP-TO-DATE
> Task :expo-camera:parseReleaseLocalResources UP-TO-DATE
> Task :expo-camera:generateReleaseRFile UP-TO-DATE
> Task :expo-constants:compileReleaseLibraryResources UP-TO-DATE
> Task :expo-constants:parseReleaseLocalResources UP-TO-DATE
> Task :expo-constants:generateReleaseRFile UP-TO-DATE
> Task :expo-device:compileReleaseLibraryResources UP-TO-DATE
> Task :expo-device:parseReleaseLocalResources UP-TO-DATE
> Task :expo-device:generateReleaseRFile UP-TO-DATE
> Task :expo-file-system:compileReleaseLibraryResources UP-TO-DATE
> Task :expo-file-system:parseReleaseLocalResources UP-TO-DATE
> Task :expo-file-system:generateReleaseRFile UP-TO-DATE
> Task :expo-font:compileReleaseLibraryResources UP-TO-DATE
> Task :expo-font:parseReleaseLocalResources UP-TO-DATE
> Task :expo-font:generateReleaseRFile UP-TO-DATE
> Task :expo-haptics:compileReleaseLibraryResources UP-TO-DATE
> Task :expo-haptics:parseReleaseLocalResources UP-TO-DATE
> Task :expo-haptics:generateReleaseRFile UP-TO-DATE
> Task :expo-image-loader:compileReleaseLibraryResources UP-TO-DATE
> Task :expo-image-loader:parseReleaseLocalResources UP-TO-DATE
> Task :expo-image-loader:generateReleaseRFile UP-TO-DATE
> Task :expo-image-picker:compileReleaseLibraryResources UP-TO-DATE
> Task :expo-image-picker:parseReleaseLocalResources UP-TO-DATE
> Task :expo-image-picker:generateReleaseRFile UP-TO-DATE
> Task :expo-keep-awake:compileReleaseLibraryResources UP-TO-DATE
> Task :expo-keep-awake:parseReleaseLocalResources UP-TO-DATE
> Task :expo-keep-awake:generateReleaseRFile UP-TO-DATE
> Task :expo-linear-gradient:compileReleaseLibraryResources UP-TO-DATE
> Task :expo-linear-gradient:parseReleaseLocalResources UP-TO-DATE
> Task :expo-linear-gradient:generateReleaseRFile UP-TO-DATE
> Task :expo-location:compileReleaseLibraryResources UP-TO-DATE
> Task :expo-location:parseReleaseLocalResources UP-TO-DATE
> Task :expo-location:generateReleaseRFile UP-TO-DATE
> Task :expo-modules-core:compileReleaseLibraryResources UP-TO-DATE
> Task :expo-modules-core:parseReleaseLocalResources UP-TO-DATE
> Task :expo-modules-core:generateReleaseRFile UP-TO-DATE
> Task :expo-notifications:compileReleaseLibraryResources UP-TO-DATE
> Task :expo-notifications:parseReleaseLocalResources UP-TO-DATE
> Task :expo-notifications:generateReleaseRFile UP-TO-DATE
> Task :expo-system-ui:compileReleaseLibraryResources UP-TO-DATE
> Task :expo-system-ui:parseReleaseLocalResources UP-TO-DATE
> Task :expo-system-ui:generateReleaseRFile UP-TO-DATE
> Task :lottie-react-native:compileReleaseLibraryResources UP-TO-DATE
> Task :lottie-react-native:parseReleaseLocalResources UP-TO-DATE
> Task :lottie-react-native:generateReleaseRFile UP-TO-DATE
> Task :react-native-async-storage_async-storage:compileReleaseLibraryResources UP-TO-DATE
> Task :react-native-async-storage_async-storage:parseReleaseLocalResources UP-TO-DATE
> Task :react-native-async-storage_async-storage:generateReleaseRFile UP-TO-DATE
> Task :react-native-community_netinfo:compileReleaseLibraryResources UP-TO-DATE
> Task :react-native-community_netinfo:parseReleaseLocalResources UP-TO-DATE
> Task :react-native-community_netinfo:generateReleaseRFile UP-TO-DATE
> Task :react-native-community_slider:compileReleaseLibraryResources UP-TO-DATE
> Task :react-native-community_slider:parseReleaseLocalResources UP-TO-DATE
> Task :react-native-community_slider:generateReleaseRFile UP-TO-DATE
> Task :react-native-gesture-handler:compileReleaseLibraryResources UP-TO-DATE
> Task :react-native-gesture-handler:parseReleaseLocalResources UP-TO-DATE
> Task :react-native-gesture-handler:generateReleaseRFile UP-TO-DATE
> Task :react-native-maps:compileReleaseLibraryResources UP-TO-DATE
> Task :react-native-maps:parseReleaseLocalResources UP-TO-DATE
> Task :react-native-maps:generateReleaseRFile UP-TO-DATE
> Task :react-native-reanimated:compileReleaseLibraryResources UP-TO-DATE
> Task :react-native-reanimated:parseReleaseLocalResources UP-TO-DATE
> Task :react-native-reanimated:generateReleaseRFile UP-TO-DATE
> Task :react-native-safe-area-context:compileReleaseLibraryResources UP-TO-DATE
> Task :react-native-safe-area-context:parseReleaseLocalResources UP-TO-DATE
> Task :react-native-safe-area-context:generateReleaseRFile UP-TO-DATE
> Task :react-native-screens:compileReleaseLibraryResources UP-TO-DATE
> Task :react-native-screens:parseReleaseLocalResources UP-TO-DATE
> Task :react-native-screens:generateReleaseRFile UP-TO-DATE
> Task :react-native-svg:compileReleaseLibraryResources UP-TO-DATE
> Task :react-native-svg:parseReleaseLocalResources UP-TO-DATE
> Task :react-native-svg:generateReleaseRFile UP-TO-DATE
> Task :sentry_react-native:compileReleaseLibraryResources UP-TO-DATE
> Task :sentry_react-native:parseReleaseLocalResources UP-TO-DATE
> Task :sentry_react-native:generateReleaseRFile UP-TO-DATE
> Task :stripe_stripe-react-native:compileReleaseLibraryResources UP-TO-DATE
> Task :stripe_stripe-react-native:parseReleaseLocalResources UP-TO-DATE
> Task :stripe_stripe-react-native:generateReleaseRFile UP-TO-DATE
> Task :app:processReleaseResources UP-TO-DATE
> Task :expo:checkKotlinGradlePluginConfigurationErrors
> Task :expo:generateReleaseBuildConfig UP-TO-DATE
> Task :expo-application:checkKotlinGradlePluginConfigurationErrors
> Task :expo-application:generateReleaseBuildConfig UP-TO-DATE
> Task :expo-modules-core:checkKotlinGradlePluginConfigurationErrors
> Task :expo-modules-core:generateReleaseBuildConfig UP-TO-DATE
> Task :expo-modules-core:compileReleaseKotlin UP-TO-DATE
> Task :expo-modules-core:javaPreCompileRelease UP-TO-DATE
> Task :expo-modules-core:compileReleaseJavaWithJavac UP-TO-DATE
> Task :expo-modules-core:bundleLibCompileToJarRelease UP-TO-DATE
> Task :expo-application:compileReleaseKotlin UP-TO-DATE
> Task :expo-application:javaPreCompileRelease UP-TO-DATE
> Task :expo-application:compileReleaseJavaWithJavac UP-TO-DATE
> Task :expo-application:bundleLibCompileToJarRelease UP-TO-DATE
> Task :expo-asset:checkKotlinGradlePluginConfigurationErrors
> Task :expo-asset:generateReleaseBuildConfig UP-TO-DATE
> Task :expo-asset:compileReleaseKotlin UP-TO-DATE
> Task :expo-asset:javaPreCompileRelease UP-TO-DATE
> Task :expo-asset:compileReleaseJavaWithJavac UP-TO-DATE
> Task :expo-asset:bundleLibCompileToJarRelease UP-TO-DATE
> Task :expo-blur:checkKotlinGradlePluginConfigurationErrors
> Task :expo-blur:generateReleaseBuildConfig UP-TO-DATE
> Task :expo-blur:compileReleaseKotlin UP-TO-DATE
> Task :expo-blur:javaPreCompileRelease UP-TO-DATE
> Task :expo-blur:compileReleaseJavaWithJavac UP-TO-DATE
> Task :expo-blur:bundleLibCompileToJarRelease UP-TO-DATE
> Task :expo-camera:checkKotlinGradlePluginConfigurationErrors
> Task :expo-camera:generateReleaseBuildConfig UP-TO-DATE
> Task :expo-camera:compileReleaseKotlin UP-TO-DATE
> Task :expo-camera:javaPreCompileRelease UP-TO-DATE
> Task :expo-camera:compileReleaseJavaWithJavac UP-TO-DATE
> Task :expo-camera:bundleLibCompileToJarRelease UP-TO-DATE
> Task :expo-constants:checkKotlinGradlePluginConfigurationErrors
> Task :expo-constants:generateReleaseBuildConfig UP-TO-DATE
> Task :expo-constants:compileReleaseKotlin UP-TO-DATE
> Task :expo-constants:javaPreCompileRelease UP-TO-DATE
> Task :expo-constants:compileReleaseJavaWithJavac UP-TO-DATE
> Task :expo-constants:bundleLibCompileToJarRelease UP-TO-DATE
> Task :expo-device:checkKotlinGradlePluginConfigurationErrors
> Task :expo-device:generateReleaseBuildConfig UP-TO-DATE
> Task :expo-device:compileReleaseKotlin UP-TO-DATE
> Task :expo-device:javaPreCompileRelease UP-TO-DATE
> Task :expo-device:compileReleaseJavaWithJavac UP-TO-DATE
> Task :expo-device:bundleLibCompileToJarRelease UP-TO-DATE
> Task :expo-file-system:checkKotlinGradlePluginConfigurationErrors
> Task :expo-file-system:generateReleaseBuildConfig UP-TO-DATE
> Task :expo-file-system:compileReleaseKotlin UP-TO-DATE
> Task :expo-file-system:javaPreCompileRelease UP-TO-DATE
> Task :expo-file-system:compileReleaseJavaWithJavac UP-TO-DATE
> Task :expo-file-system:bundleLibCompileToJarRelease UP-TO-DATE
> Task :expo-font:checkKotlinGradlePluginConfigurationErrors
> Task :expo-font:generateReleaseBuildConfig UP-TO-DATE
> Task :expo-font:compileReleaseKotlin UP-TO-DATE
> Task :expo-font:javaPreCompileRelease UP-TO-DATE
> Task :expo-font:compileReleaseJavaWithJavac UP-TO-DATE
> Task :expo-font:bundleLibCompileToJarRelease UP-TO-DATE
> Task :expo-haptics:checkKotlinGradlePluginConfigurationErrors
> Task :expo-haptics:generateReleaseBuildConfig UP-TO-DATE
> Task :expo-haptics:compileReleaseKotlin UP-TO-DATE
> Task :expo-haptics:javaPreCompileRelease UP-TO-DATE
> Task :expo-haptics:compileReleaseJavaWithJavac UP-TO-DATE
> Task :expo-haptics:bundleLibCompileToJarRelease UP-TO-DATE
> Task :expo-image-loader:checkKotlinGradlePluginConfigurationErrors
> Task :expo-image-loader:generateReleaseBuildConfig UP-TO-DATE
> Task :expo-image-loader:compileReleaseKotlin UP-TO-DATE
> Task :expo-image-loader:javaPreCompileRelease UP-TO-DATE
> Task :expo-image-loader:compileReleaseJavaWithJavac UP-TO-DATE
> Task :expo-image-loader:bundleLibCompileToJarRelease UP-TO-DATE
> Task :expo-image-picker:checkKotlinGradlePluginConfigurationErrors
> Task :expo-image-picker:generateReleaseBuildConfig UP-TO-DATE
> Task :expo-image-picker:compileReleaseKotlin UP-TO-DATE
> Task :expo-image-picker:javaPreCompileRelease UP-TO-DATE
> Task :expo-image-picker:compileReleaseJavaWithJavac UP-TO-DATE
> Task :expo-image-picker:bundleLibCompileToJarRelease UP-TO-DATE
> Task :expo-keep-awake:checkKotlinGradlePluginConfigurationErrors
> Task :expo-keep-awake:generateReleaseBuildConfig UP-TO-DATE
> Task :expo-keep-awake:compileReleaseKotlin UP-TO-DATE
> Task :expo-keep-awake:javaPreCompileRelease UP-TO-DATE
> Task :expo-keep-awake:compileReleaseJavaWithJavac UP-TO-DATE
> Task :expo-keep-awake:bundleLibCompileToJarRelease UP-TO-DATE
> Task :expo-linear-gradient:checkKotlinGradlePluginConfigurationErrors
> Task :expo-linear-gradient:generateReleaseBuildConfig UP-TO-DATE
> Task :expo-linear-gradient:compileReleaseKotlin UP-TO-DATE
> Task :expo-linear-gradient:javaPreCompileRelease UP-TO-DATE
> Task :expo-linear-gradient:compileReleaseJavaWithJavac UP-TO-DATE
> Task :expo-linear-gradient:bundleLibCompileToJarRelease UP-TO-DATE
> Task :expo-location:checkKotlinGradlePluginConfigurationErrors
> Task :expo-location:generateReleaseBuildConfig UP-TO-DATE
> Task :expo-location:compileReleaseKotlin UP-TO-DATE
> Task :expo-location:javaPreCompileRelease UP-TO-DATE
> Task :expo-location:compileReleaseJavaWithJavac UP-TO-DATE
> Task :expo-location:bundleLibCompileToJarRelease UP-TO-DATE
> Task :expo-notifications:checkKotlinGradlePluginConfigurationErrors
> Task :expo-notifications:generateReleaseBuildConfig UP-TO-DATE
> Task :expo-notifications:compileReleaseKotlin UP-TO-DATE
> Task :expo-notifications:javaPreCompileRelease UP-TO-DATE
> Task :expo-notifications:compileReleaseJavaWithJavac UP-TO-DATE
> Task :expo-notifications:bundleLibCompileToJarRelease UP-TO-DATE
> Task :expo-system-ui:checkKotlinGradlePluginConfigurationErrors
> Task :expo-system-ui:generateReleaseBuildConfig UP-TO-DATE
> Task :expo-system-ui:compileReleaseKotlin UP-TO-DATE
> Task :expo-system-ui:javaPreCompileRelease UP-TO-DATE
> Task :expo-system-ui:compileReleaseJavaWithJavac UP-TO-DATE
> Task :expo-system-ui:bundleLibCompileToJarRelease UP-TO-DATE
> Task :expo:javaPreCompileRelease UP-TO-DATE
> Task :lottie-react-native:checkKotlinGradlePluginConfigurationErrors
> Task :lottie-react-native:generateReleaseBuildConfig UP-TO-DATE
> Task :lottie-react-native:compileReleaseKotlin UP-TO-DATE
> Task :lottie-react-native:javaPreCompileRelease UP-TO-DATE
> Task :lottie-react-native:compileReleaseJavaWithJavac UP-TO-DATE
> Task :lottie-react-native:bundleLibCompileToJarRelease UP-TO-DATE
> Task :react-native-async-storage_async-storage:generateReleaseBuildConfig UP-TO-DATE
> Task :react-native-async-storage_async-storage:javaPreCompileRelease UP-TO-DATE
> Task :react-native-async-storage_async-storage:compileReleaseJavaWithJavac UP-TO-DATE
> Task :react-native-async-storage_async-storage:bundleLibCompileToJarRelease UP-TO-DATE
> Task :react-native-community_netinfo:generateReleaseBuildConfig UP-TO-DATE
> Task :react-native-community_netinfo:javaPreCompileRelease UP-TO-DATE
> Task :react-native-community_netinfo:compileReleaseJavaWithJavac UP-TO-DATE
> Task :react-native-community_netinfo:bundleLibCompileToJarRelease UP-TO-DATE
> Task :react-native-community_slider:generateReleaseBuildConfig UP-TO-DATE
> Task :react-native-community_slider:javaPreCompileRelease UP-TO-DATE
> Task :react-native-community_slider:compileReleaseJavaWithJavac UP-TO-DATE
> Task :react-native-community_slider:bundleLibCompileToJarRelease UP-TO-DATE
> Task :react-native-gesture-handler:checkKotlinGradlePluginConfigurationErrors
> Task :react-native-gesture-handler:generateReleaseBuildConfig UP-TO-DATE
> Task :react-native-reanimated:generateReleaseBuildConfig UP-TO-DATE
> Task :react-native-reanimated:javaPreCompileRelease UP-TO-DATE
> Task :react-native-reanimated:packageNdkLibs NO-SOURCE
> Task :react-native-reanimated:compileReleaseJavaWithJavac UP-TO-DATE
> Task :react-native-reanimated:bundleLibCompileToJarRelease UP-TO-DATE
> Task :react-native-gesture-handler:compileReleaseKotlin UP-TO-DATE
> Task :react-native-gesture-handler:javaPreCompileRelease UP-TO-DATE
> Task :react-native-gesture-handler:compileReleaseJavaWithJavac UP-TO-DATE
> Task :react-native-gesture-handler:bundleLibCompileToJarRelease UP-TO-DATE
> Task :react-native-maps:generateReleaseBuildConfig UP-TO-DATE
> Task :react-native-maps:javaPreCompileRelease UP-TO-DATE
> Task :react-native-maps:compileReleaseJavaWithJavac UP-TO-DATE
> Task :react-native-maps:bundleLibCompileToJarRelease UP-TO-DATE
> Task :react-native-safe-area-context:checkKotlinGradlePluginConfigurationErrors
> Task :react-native-safe-area-context:generateReleaseBuildConfig UP-TO-DATE
> Task :react-native-safe-area-context:compileReleaseKotlin UP-TO-DATE
> Task :react-native-safe-area-context:javaPreCompileRelease UP-TO-DATE
> Task :react-native-safe-area-context:compileReleaseJavaWithJavac UP-TO-DATE
> Task :react-native-safe-area-context:bundleLibCompileToJarRelease UP-TO-DATE
> Task :react-native-screens:checkKotlinGradlePluginConfigurationErrors
> Task :react-native-screens:generateReleaseBuildConfig UP-TO-DATE
> Task :react-native-screens:compileReleaseKotlin UP-TO-DATE
> Task :react-native-screens:javaPreCompileRelease UP-TO-DATE
> Task :react-native-screens:compileReleaseJavaWithJavac UP-TO-DATE
> Task :react-native-screens:bundleLibCompileToJarRelease UP-TO-DATE
> Task :react-native-svg:generateReleaseBuildConfig UP-TO-DATE
> Task :react-native-svg:javaPreCompileRelease UP-TO-DATE
> Task :react-native-svg:compileReleaseJavaWithJavac UP-TO-DATE
> Task :react-native-svg:bundleLibCompileToJarRelease UP-TO-DATE
> Task :sentry_react-native:generateReleaseBuildConfig UP-TO-DATE
> Task :sentry_react-native:javaPreCompileRelease UP-TO-DATE
> Task :sentry_react-native:compileReleaseJavaWithJavac UP-TO-DATE
> Task :sentry_react-native:bundleLibCompileToJarRelease UP-TO-DATE
> Task :stripe_stripe-react-native:checkKotlinGradlePluginConfigurationErrors
> Task :stripe_stripe-react-native:dataBindingMergeDependencyArtifactsRelease UP-TO-DATE
> Task :stripe_stripe-react-native:dataBindingGenBaseClassesRelease UP-TO-DATE
> Task :stripe_stripe-react-native:generateReleaseBuildConfig UP-TO-DATE
> Task :stripe_stripe-react-native:compileReleaseKotlin UP-TO-DATE
> Task :stripe_stripe-react-native:javaPreCompileRelease UP-TO-DATE
> Task :stripe_stripe-react-native:compileReleaseJavaWithJavac UP-TO-DATE
> Task :stripe_stripe-react-native:bundleLibCompileToJarRelease UP-TO-DATE
> Task :app:buildKotlinToolingMetadata UP-TO-DATE
> Task :app:javaPreCompileRelease UP-TO-DATE
> Task :app:extractProguardFiles UP-TO-DATE
> Task :expo:extractProguardFiles UP-TO-DATE
> Task :expo-application:bundleLibRuntimeToJarRelease UP-TO-DATE
> Task :expo-application:processReleaseJavaRes UP-TO-DATE
> Task :expo-application:createFullJarRelease UP-TO-DATE
> Task :expo-application:extractProguardFiles UP-TO-DATE
> Task :expo-modules-core:bundleLibRuntimeToJarRelease UP-TO-DATE
> Task :expo-modules-core:processReleaseJavaRes UP-TO-DATE
> Task :expo-modules-core:createFullJarRelease UP-TO-DATE
> Task :expo-modules-core:extractProguardFiles UP-TO-DATE
> Task :expo-modules-core:generateReleaseLintModel UP-TO-DATE
> Task :expo-modules-core:prepareLintJarForPublish UP-TO-DATE
> Task :expo-application:generateReleaseLintModel UP-TO-DATE
> Task :expo-application:prepareLintJarForPublish UP-TO-DATE
> Task :expo-asset:bundleLibRuntimeToJarRelease UP-TO-DATE
> Task :expo-asset:processReleaseJavaRes UP-TO-DATE
> Task :expo-asset:createFullJarRelease UP-TO-DATE
> Task :expo-asset:extractProguardFiles UP-TO-DATE
> Task :expo-asset:generateReleaseLintModel UP-TO-DATE
> Task :expo-asset:prepareLintJarForPublish UP-TO-DATE
> Task :expo-blur:bundleLibRuntimeToJarRelease UP-TO-DATE
> Task :expo-blur:processReleaseJavaRes UP-TO-DATE
> Task :expo-blur:createFullJarRelease UP-TO-DATE
> Task :expo-blur:extractProguardFiles UP-TO-DATE
> Task :expo-blur:generateReleaseLintModel UP-TO-DATE
> Task :expo-blur:prepareLintJarForPublish UP-TO-DATE
> Task :expo-camera:bundleLibRuntimeToJarRelease UP-TO-DATE
> Task :expo-camera:processReleaseJavaRes UP-TO-DATE
> Task :expo-camera:createFullJarRelease UP-TO-DATE
> Task :expo-camera:extractProguardFiles UP-TO-DATE
> Task :expo-camera:generateReleaseLintModel UP-TO-DATE
> Task :expo-camera:prepareLintJarForPublish UP-TO-DATE
> Task :expo-constants:bundleLibRuntimeToJarRelease UP-TO-DATE
> Task :expo-constants:processReleaseJavaRes UP-TO-DATE
> Task :expo-constants:createFullJarRelease UP-TO-DATE
> Task :expo-constants:extractProguardFiles UP-TO-DATE
> Task :expo-constants:generateReleaseLintModel UP-TO-DATE
> Task :expo-constants:prepareLintJarForPublish UP-TO-DATE
> Task :expo-device:bundleLibRuntimeToJarRelease UP-TO-DATE
> Task :expo-device:processReleaseJavaRes UP-TO-DATE
> Task :expo-device:createFullJarRelease UP-TO-DATE
> Task :expo-device:extractProguardFiles UP-TO-DATE
> Task :expo-device:generateReleaseLintModel UP-TO-DATE
> Task :expo-device:prepareLintJarForPublish UP-TO-DATE
> Task :expo-file-system:bundleLibRuntimeToJarRelease UP-TO-DATE
> Task :expo-file-system:processReleaseJavaRes UP-TO-DATE
> Task :expo-file-system:createFullJarRelease UP-TO-DATE
> Task :expo-file-system:extractProguardFiles UP-TO-DATE
> Task :expo-file-system:generateReleaseLintModel UP-TO-DATE
> Task :expo-file-system:prepareLintJarForPublish UP-TO-DATE
> Task :expo-font:bundleLibRuntimeToJarRelease UP-TO-DATE
> Task :expo-font:processReleaseJavaRes UP-TO-DATE
> Task :expo-font:createFullJarRelease UP-TO-DATE
> Task :expo-font:extractProguardFiles UP-TO-DATE
> Task :expo-font:generateReleaseLintModel UP-TO-DATE
> Task :expo-font:prepareLintJarForPublish UP-TO-DATE
> Task :expo-haptics:bundleLibRuntimeToJarRelease UP-TO-DATE
> Task :expo-haptics:processReleaseJavaRes UP-TO-DATE
> Task :expo-haptics:createFullJarRelease UP-TO-DATE
> Task :expo-haptics:extractProguardFiles UP-TO-DATE
> Task :expo-haptics:generateReleaseLintModel UP-TO-DATE
> Task :expo-haptics:prepareLintJarForPublish UP-TO-DATE
> Task :expo-image-loader:bundleLibRuntimeToJarRelease UP-TO-DATE
> Task :expo-image-loader:processReleaseJavaRes UP-TO-DATE
> Task :expo-image-loader:createFullJarRelease UP-TO-DATE
> Task :expo-image-loader:extractProguardFiles UP-TO-DATE
> Task :expo-image-loader:generateReleaseLintModel UP-TO-DATE
> Task :expo-image-loader:prepareLintJarForPublish UP-TO-DATE
> Task :expo-image-picker:bundleLibRuntimeToJarRelease UP-TO-DATE
> Task :expo-image-picker:processReleaseJavaRes UP-TO-DATE
> Task :expo-image-picker:createFullJarRelease UP-TO-DATE
> Task :expo-image-picker:extractProguardFiles UP-TO-DATE
> Task :expo-image-picker:generateReleaseLintModel UP-TO-DATE
> Task :expo-image-picker:prepareLintJarForPublish UP-TO-DATE
> Task :expo-keep-awake:bundleLibRuntimeToJarRelease UP-TO-DATE
> Task :expo-keep-awake:processReleaseJavaRes UP-TO-DATE
> Task :expo-keep-awake:createFullJarRelease UP-TO-DATE
> Task :expo-keep-awake:extractProguardFiles UP-TO-DATE
> Task :expo-keep-awake:generateReleaseLintModel UP-TO-DATE
> Task :expo-keep-awake:prepareLintJarForPublish UP-TO-DATE
> Task :expo-linear-gradient:bundleLibRuntimeToJarRelease UP-TO-DATE
> Task :expo-linear-gradient:processReleaseJavaRes UP-TO-DATE
> Task :expo-linear-gradient:createFullJarRelease UP-TO-DATE
> Task :expo-linear-gradient:extractProguardFiles UP-TO-DATE
> Task :expo-linear-gradient:generateReleaseLintModel UP-TO-DATE
> Task :expo-linear-gradient:prepareLintJarForPublish UP-TO-DATE
> Task :expo-location:bundleLibRuntimeToJarRelease UP-TO-DATE
> Task :expo-location:processReleaseJavaRes UP-TO-DATE
> Task :expo-location:createFullJarRelease UP-TO-DATE
> Task :expo-location:extractProguardFiles UP-TO-DATE
> Task :expo-location:generateReleaseLintModel UP-TO-DATE
> Task :expo-location:prepareLintJarForPublish UP-TO-DATE
> Task :expo-notifications:bundleLibRuntimeToJarRelease UP-TO-DATE
> Task :expo-notifications:processReleaseJavaRes UP-TO-DATE
> Task :expo-notifications:createFullJarRelease UP-TO-DATE
> Task :expo-notifications:extractProguardFiles UP-TO-DATE
> Task :expo-notifications:generateReleaseLintModel UP-TO-DATE
> Task :expo-notifications:prepareLintJarForPublish UP-TO-DATE
> Task :expo-system-ui:bundleLibRuntimeToJarRelease UP-TO-DATE
> Task :expo-system-ui:processReleaseJavaRes UP-TO-DATE
> Task :expo-system-ui:createFullJarRelease UP-TO-DATE
> Task :expo-system-ui:extractProguardFiles UP-TO-DATE
> Task :expo-system-ui:generateReleaseLintModel UP-TO-DATE
> Task :expo-system-ui:prepareLintJarForPublish UP-TO-DATE
> Task :expo:prepareLintJarForPublish UP-TO-DATE
> Task :lottie-react-native:bundleLibRuntimeToJarRelease UP-TO-DATE
> Task :lottie-react-native:processReleaseJavaRes UP-TO-DATE
> Task :lottie-react-native:createFullJarRelease UP-TO-DATE
> Task :lottie-react-native:extractProguardFiles UP-TO-DATE
> Task :lottie-react-native:generateReleaseLintModel UP-TO-DATE
> Task :lottie-react-native:prepareLintJarForPublish UP-TO-DATE
> Task :react-native-async-storage_async-storage:bundleLibRuntimeToJarRelease UP-TO-DATE
> Task :react-native-async-storage_async-storage:processReleaseJavaRes NO-SOURCE
> Task :react-native-async-storage_async-storage:createFullJarRelease UP-TO-DATE
> Task :react-native-async-storage_async-storage:extractProguardFiles UP-TO-DATE
> Task :react-native-async-storage_async-storage:generateReleaseLintModel UP-TO-DATE
> Task :react-native-async-storage_async-storage:prepareLintJarForPublish UP-TO-DATE
> Task :react-native-community_netinfo:bundleLibRuntimeToJarRelease UP-TO-DATE
> Task :react-native-community_netinfo:processReleaseJavaRes NO-SOURCE
> Task :react-native-community_netinfo:createFullJarRelease UP-TO-DATE
> Task :react-native-community_netinfo:extractProguardFiles UP-TO-DATE
> Task :react-native-community_netinfo:generateReleaseLintModel UP-TO-DATE
> Task :react-native-community_netinfo:prepareLintJarForPublish UP-TO-DATE
> Task :react-native-community_slider:bundleLibRuntimeToJarRelease UP-TO-DATE
> Task :react-native-community_slider:processReleaseJavaRes NO-SOURCE
> Task :react-native-community_slider:createFullJarRelease UP-TO-DATE
> Task :react-native-community_slider:extractProguardFiles UP-TO-DATE
> Task :react-native-community_slider:generateReleaseLintModel UP-TO-DATE
> Task :react-native-community_slider:prepareLintJarForPublish UP-TO-DATE
> Task :react-native-gesture-handler:bundleLibRuntimeToJarRelease UP-TO-DATE
> Task :react-native-gesture-handler:processReleaseJavaRes UP-TO-DATE
> Task :react-native-gesture-handler:createFullJarRelease UP-TO-DATE
> Task :react-native-gesture-handler:extractProguardFiles UP-TO-DATE
> Task :react-native-reanimated:bundleLibRuntimeToJarRelease UP-TO-DATE
> Task :react-native-reanimated:processReleaseJavaRes NO-SOURCE
> Task :react-native-reanimated:createFullJarRelease UP-TO-DATE
> Task :react-native-reanimated:extractProguardFiles UP-TO-DATE
> Task :react-native-reanimated:generateReleaseLintModel UP-TO-DATE
> Task :react-native-reanimated:prepareLintJarForPublish UP-TO-DATE
> Task :react-native-gesture-handler:generateReleaseLintModel UP-TO-DATE
> Task :react-native-gesture-handler:prepareLintJarForPublish UP-TO-DATE
> Task :react-native-maps:bundleLibRuntimeToJarRelease UP-TO-DATE
> Task :react-native-maps:processReleaseJavaRes NO-SOURCE
> Task :react-native-maps:createFullJarRelease UP-TO-DATE
> Task :react-native-maps:extractProguardFiles UP-TO-DATE
> Task :react-native-maps:generateReleaseLintModel UP-TO-DATE
> Task :react-native-maps:prepareLintJarForPublish UP-TO-DATE
> Task :react-native-safe-area-context:bundleLibRuntimeToJarRelease UP-TO-DATE
> Task :react-native-safe-area-context:processReleaseJavaRes UP-TO-DATE
> Task :react-native-safe-area-context:createFullJarRelease UP-TO-DATE
> Task :react-native-safe-area-context:extractProguardFiles UP-TO-DATE
> Task :react-native-safe-area-context:generateReleaseLintModel UP-TO-DATE
> Task :react-native-safe-area-context:prepareLintJarForPublish UP-TO-DATE
> Task :react-native-screens:bundleLibRuntimeToJarRelease UP-TO-DATE
> Task :react-native-screens:processReleaseJavaRes UP-TO-DATE
> Task :react-native-screens:createFullJarRelease UP-TO-DATE
> Task :react-native-screens:extractProguardFiles UP-TO-DATE
> Task :react-native-screens:generateReleaseLintModel UP-TO-DATE
> Task :react-native-screens:prepareLintJarForPublish UP-TO-DATE
> Task :react-native-svg:bundleLibRuntimeToJarRelease UP-TO-DATE
> Task :react-native-svg:processReleaseJavaRes NO-SOURCE
> Task :react-native-svg:createFullJarRelease UP-TO-DATE
> Task :react-native-svg:extractProguardFiles UP-TO-DATE
> Task :react-native-svg:generateReleaseLintModel UP-TO-DATE
> Task :react-native-svg:prepareLintJarForPublish UP-TO-DATE
> Task :sentry_react-native:bundleLibRuntimeToJarRelease UP-TO-DATE
> Task :sentry_react-native:processReleaseJavaRes NO-SOURCE
> Task :sentry_react-native:createFullJarRelease UP-TO-DATE
> Task :sentry_react-native:extractProguardFiles UP-TO-DATE
> Task :sentry_react-native:generateReleaseLintModel UP-TO-DATE
> Task :sentry_react-native:prepareLintJarForPublish UP-TO-DATE
> Task :stripe_stripe-react-native:bundleLibRuntimeToJarRelease UP-TO-DATE
> Task :stripe_stripe-react-native:processReleaseJavaRes UP-TO-DATE
> Task :stripe_stripe-react-native:createFullJarRelease UP-TO-DATE
> Task :stripe_stripe-react-native:extractProguardFiles UP-TO-DATE
> Task :stripe_stripe-react-native:generateReleaseLintModel UP-TO-DATE
> Task :stripe_stripe-react-native:prepareLintJarForPublish UP-TO-DATE
> Task :stripe_stripe-react-native:mergeReleaseJniLibFolders UP-TO-DATE
> Task :stripe_stripe-react-native:mergeReleaseNativeLibs NO-SOURCE
> Task :stripe_stripe-react-native:stripReleaseDebugSymbols NO-SOURCE
> Task :stripe_stripe-react-native:copyReleaseJniLibsProjectAndLocalJars UP-TO-DATE
> Task :stripe_stripe-react-native:extractDeepLinksForAarRelease UP-TO-DATE
> Task :stripe_stripe-react-native:extractReleaseAnnotations UP-TO-DATE
> Task :stripe_stripe-react-native:mergeReleaseGeneratedProguardFiles UP-TO-DATE
> Task :stripe_stripe-react-native:mergeReleaseConsumerProguardFiles UP-TO-DATE
> Task :stripe_stripe-react-native:mergeReleaseShaders UP-TO-DATE
> Task :stripe_stripe-react-native:compileReleaseShaders NO-SOURCE
> Task :stripe_stripe-react-native:generateReleaseAssets UP-TO-DATE
> Task :stripe_stripe-react-native:packageReleaseAssets UP-TO-DATE
> Task :stripe_stripe-react-native:prepareReleaseArtProfile UP-TO-DATE
> Task :stripe_stripe-react-native:mergeReleaseJavaResource UP-TO-DATE
> Task :stripe_stripe-react-native:syncReleaseLibJars UP-TO-DATE
> Task :stripe_stripe-react-native:bundleReleaseLocalLintAar UP-TO-DATE
> Task :expo:mergeReleaseJniLibFolders UP-TO-DATE
> Task :expo:mergeReleaseNativeLibs NO-SOURCE
> Task :expo:stripReleaseDebugSymbols NO-SOURCE
> Task :expo:copyReleaseJniLibsProjectAndLocalJars UP-TO-DATE
> Task :expo:extractDeepLinksForAarRelease UP-TO-DATE
> Task :expo:mergeReleaseShaders UP-TO-DATE
> Task :expo:compileReleaseShaders NO-SOURCE
> Task :expo:generateReleaseAssets UP-TO-DATE
> Task :expo:packageReleaseAssets UP-TO-DATE
> Task :expo:prepareReleaseArtProfile UP-TO-DATE
> Task :lottie-react-native:mergeReleaseJniLibFolders UP-TO-DATE
> Task :lottie-react-native:mergeReleaseNativeLibs NO-SOURCE
> Task :lottie-react-native:stripReleaseDebugSymbols NO-SOURCE
> Task :lottie-react-native:copyReleaseJniLibsProjectAndLocalJars UP-TO-DATE
> Task :lottie-react-native:extractDeepLinksForAarRelease UP-TO-DATE
> Task :lottie-react-native:extractReleaseAnnotations UP-TO-DATE
> Task :lottie-react-native:mergeReleaseGeneratedProguardFiles UP-TO-DATE
> Task :lottie-react-native:mergeReleaseConsumerProguardFiles UP-TO-DATE
> Task :lottie-react-native:mergeReleaseShaders UP-TO-DATE
> Task :lottie-react-native:compileReleaseShaders NO-SOURCE
> Task :lottie-react-native:generateReleaseAssets UP-TO-DATE
> Task :lottie-react-native:packageReleaseAssets UP-TO-DATE
> Task :lottie-react-native:prepareReleaseArtProfile UP-TO-DATE
> Task :lottie-react-native:mergeReleaseJavaResource UP-TO-DATE
> Task :lottie-react-native:syncReleaseLibJars UP-TO-DATE
> Task :lottie-react-native:bundleReleaseLocalLintAar UP-TO-DATE
> Task :react-native-gesture-handler:mergeReleaseJniLibFolders UP-TO-DATE
> Task :react-native-gesture-handler:mergeReleaseNativeLibs NO-SOURCE
> Task :react-native-gesture-handler:stripReleaseDebugSymbols NO-SOURCE
> Task :react-native-gesture-handler:copyReleaseJniLibsProjectAndLocalJars UP-TO-DATE
> Task :react-native-gesture-handler:extractDeepLinksForAarRelease UP-TO-DATE
> Task :react-native-gesture-handler:extractReleaseAnnotations UP-TO-DATE
> Task :react-native-gesture-handler:mergeReleaseGeneratedProguardFiles UP-TO-DATE
> Task :react-native-gesture-handler:mergeReleaseConsumerProguardFiles UP-TO-DATE
> Task :react-native-gesture-handler:mergeReleaseShaders UP-TO-DATE
> Task :react-native-gesture-handler:compileReleaseShaders NO-SOURCE
> Task :react-native-gesture-handler:generateReleaseAssets UP-TO-DATE
> Task :react-native-gesture-handler:packageReleaseAssets UP-TO-DATE
> Task :react-native-gesture-handler:prepareReleaseArtProfile UP-TO-DATE
> Task :react-native-gesture-handler:mergeReleaseJavaResource UP-TO-DATE
> Task :react-native-gesture-handler:syncReleaseLibJars UP-TO-DATE
> Task :react-native-gesture-handler:bundleReleaseLocalLintAar UP-TO-DATE
> Task :react-native-safe-area-context:mergeReleaseJniLibFolders UP-TO-DATE
> Task :react-native-safe-area-context:mergeReleaseNativeLibs NO-SOURCE
> Task :react-native-safe-area-context:stripReleaseDebugSymbols NO-SOURCE
> Task :react-native-safe-area-context:copyReleaseJniLibsProjectAndLocalJars UP-TO-DATE
> Task :react-native-safe-area-context:extractDeepLinksForAarRelease UP-TO-DATE
> Task :react-native-safe-area-context:extractReleaseAnnotations UP-TO-DATE
> Task :react-native-safe-area-context:mergeReleaseGeneratedProguardFiles UP-TO-DATE
> Task :react-native-safe-area-context:mergeReleaseConsumerProguardFiles UP-TO-DATE
> Task :react-native-safe-area-context:mergeReleaseShaders UP-TO-DATE
> Task :react-native-safe-area-context:compileReleaseShaders NO-SOURCE
> Task :react-native-safe-area-context:generateReleaseAssets UP-TO-DATE
> Task :react-native-safe-area-context:packageReleaseAssets UP-TO-DATE
> Task :react-native-safe-area-context:prepareReleaseArtProfile UP-TO-DATE
> Task :react-native-safe-area-context:mergeReleaseJavaResource UP-TO-DATE
> Task :react-native-safe-area-context:syncReleaseLibJars UP-TO-DATE
> Task :react-native-safe-area-context:bundleReleaseLocalLintAar UP-TO-DATE
> Task :react-native-screens:configureCMakeRelWithDebInfo[arm64-v8a]
> Task :react-native-screens:buildCMakeRelWithDebInfo[arm64-v8a]
> Task :react-native-screens:configureCMakeRelWithDebInfo[armeabi-v7a]
> Task :react-native-screens:buildCMakeRelWithDebInfo[armeabi-v7a]
> Task :react-native-screens:configureCMakeRelWithDebInfo[x86]
> Task :react-native-screens:buildCMakeRelWithDebInfo[x86]
> Task :react-native-screens:configureCMakeRelWithDebInfo[x86_64]
> Task :react-native-screens:buildCMakeRelWithDebInfo[x86_64]
> Task :react-native-screens:mergeReleaseJniLibFolders UP-TO-DATE
> Task :react-native-screens:mergeReleaseNativeLibs UP-TO-DATE
> Task :react-native-screens:stripReleaseDebugSymbols UP-TO-DATE
> Task :react-native-screens:copyReleaseJniLibsProjectAndLocalJars UP-TO-DATE
> Task :react-native-screens:extractDeepLinksForAarRelease UP-TO-DATE
> Task :react-native-screens:extractReleaseAnnotations UP-TO-DATE
> Task :react-native-screens:mergeReleaseGeneratedProguardFiles UP-TO-DATE
> Task :react-native-screens:mergeReleaseConsumerProguardFiles UP-TO-DATE
> Task :react-native-screens:mergeReleaseShaders UP-TO-DATE
> Task :react-native-screens:compileReleaseShaders NO-SOURCE
> Task :react-native-screens:generateReleaseAssets UP-TO-DATE
> Task :react-native-screens:packageReleaseAssets UP-TO-DATE
> Task :react-native-screens:prepareReleaseArtProfile UP-TO-DATE
> Task :react-native-screens:mergeReleaseJavaResource UP-TO-DATE
> Task :react-native-screens:syncReleaseLibJars UP-TO-DATE
> Task :react-native-screens:bundleReleaseLocalLintAar UP-TO-DATE
> Task :react-native-async-storage_async-storage:mergeReleaseJniLibFolders UP-TO-DATE
> Task :react-native-async-storage_async-storage:mergeReleaseNativeLibs NO-SOURCE
> Task :react-native-async-storage_async-storage:stripReleaseDebugSymbols NO-SOURCE
> Task :react-native-async-storage_async-storage:copyReleaseJniLibsProjectAndLocalJars UP-TO-DATE
> Task :react-native-async-storage_async-storage:extractDeepLinksForAarRelease UP-TO-DATE
> Task :react-native-async-storage_async-storage:extractReleaseAnnotations UP-TO-DATE
> Task :react-native-async-storage_async-storage:mergeReleaseGeneratedProguardFiles UP-TO-DATE
> Task :react-native-async-storage_async-storage:mergeReleaseConsumerProguardFiles UP-TO-DATE
> Task :react-native-async-storage_async-storage:mergeReleaseShaders UP-TO-DATE
> Task :react-native-async-storage_async-storage:compileReleaseShaders NO-SOURCE
> Task :react-native-async-storage_async-storage:generateReleaseAssets UP-TO-DATE
> Task :react-native-async-storage_async-storage:packageReleaseAssets UP-TO-DATE
> Task :react-native-async-storage_async-storage:prepareReleaseArtProfile UP-TO-DATE
> Task :react-native-async-storage_async-storage:mergeReleaseJavaResource UP-TO-DATE
> Task :react-native-async-storage_async-storage:syncReleaseLibJars UP-TO-DATE
> Task :react-native-async-storage_async-storage:bundleReleaseLocalLintAar UP-TO-DATE
> Task :react-native-community_netinfo:mergeReleaseJniLibFolders UP-TO-DATE
> Task :react-native-community_netinfo:mergeReleaseNativeLibs NO-SOURCE
> Task :react-native-community_netinfo:stripReleaseDebugSymbols NO-SOURCE
> Task :react-native-community_netinfo:copyReleaseJniLibsProjectAndLocalJars UP-TO-DATE
> Task :react-native-community_netinfo:extractDeepLinksForAarRelease UP-TO-DATE
> Task :react-native-community_netinfo:extractReleaseAnnotations UP-TO-DATE
> Task :react-native-community_netinfo:mergeReleaseGeneratedProguardFiles UP-TO-DATE
> Task :react-native-community_netinfo:mergeReleaseConsumerProguardFiles UP-TO-DATE
> Task :react-native-community_netinfo:mergeReleaseShaders UP-TO-DATE
> Task :react-native-community_netinfo:compileReleaseShaders NO-SOURCE
> Task :react-native-community_netinfo:generateReleaseAssets UP-TO-DATE
> Task :react-native-community_netinfo:packageReleaseAssets UP-TO-DATE
> Task :react-native-community_netinfo:prepareReleaseArtProfile UP-TO-DATE
> Task :react-native-community_netinfo:mergeReleaseJavaResource UP-TO-DATE
> Task :react-native-community_netinfo:syncReleaseLibJars UP-TO-DATE
> Task :react-native-community_netinfo:bundleReleaseLocalLintAar UP-TO-DATE
> Task :react-native-community_slider:mergeReleaseJniLibFolders UP-TO-DATE
> Task :react-native-community_slider:mergeReleaseNativeLibs NO-SOURCE
> Task :react-native-community_slider:stripReleaseDebugSymbols NO-SOURCE
> Task :react-native-community_slider:copyReleaseJniLibsProjectAndLocalJars UP-TO-DATE
> Task :react-native-community_slider:extractDeepLinksForAarRelease UP-TO-DATE
> Task :react-native-community_slider:extractReleaseAnnotations UP-TO-DATE
> Task :react-native-community_slider:mergeReleaseGeneratedProguardFiles UP-TO-DATE
> Task :react-native-community_slider:mergeReleaseConsumerProguardFiles UP-TO-DATE
> Task :react-native-community_slider:mergeReleaseShaders UP-TO-DATE
> Task :react-native-community_slider:compileReleaseShaders NO-SOURCE
> Task :react-native-community_slider:generateReleaseAssets UP-TO-DATE
> Task :react-native-community_slider:packageReleaseAssets UP-TO-DATE
> Task :react-native-community_slider:prepareReleaseArtProfile UP-TO-DATE
> Task :react-native-community_slider:mergeReleaseJavaResource UP-TO-DATE
> Task :react-native-community_slider:syncReleaseLibJars UP-TO-DATE
> Task :react-native-community_slider:bundleReleaseLocalLintAar UP-TO-DATE
> Task :sentry_react-native:mergeReleaseJniLibFolders UP-TO-DATE
> Task :sentry_react-native:mergeReleaseNativeLibs NO-SOURCE
> Task :sentry_react-native:stripReleaseDebugSymbols NO-SOURCE
> Task :sentry_react-native:copyReleaseJniLibsProjectAndLocalJars UP-TO-DATE
> Task :sentry_react-native:extractDeepLinksForAarRelease UP-TO-DATE
> Task :sentry_react-native:extractReleaseAnnotations UP-TO-DATE
> Task :sentry_react-native:mergeReleaseGeneratedProguardFiles UP-TO-DATE
> Task :sentry_react-native:mergeReleaseConsumerProguardFiles UP-TO-DATE
> Task :sentry_react-native:mergeReleaseShaders UP-TO-DATE
> Task :sentry_react-native:compileReleaseShaders NO-SOURCE
> Task :sentry_react-native:generateReleaseAssets UP-TO-DATE
> Task :sentry_react-native:packageReleaseAssets UP-TO-DATE
> Task :sentry_react-native:prepareReleaseArtProfile UP-TO-DATE
> Task :sentry_react-native:mergeReleaseJavaResource UP-TO-DATE
> Task :sentry_react-native:syncReleaseLibJars UP-TO-DATE
> Task :sentry_react-native:bundleReleaseLocalLintAar UP-TO-DATE
> Task :react-native-maps:mergeReleaseJniLibFolders UP-TO-DATE
> Task :react-native-maps:mergeReleaseNativeLibs NO-SOURCE
> Task :react-native-maps:stripReleaseDebugSymbols NO-SOURCE
> Task :react-native-maps:copyReleaseJniLibsProjectAndLocalJars UP-TO-DATE
> Task :react-native-maps:extractDeepLinksForAarRelease UP-TO-DATE
> Task :react-native-maps:extractReleaseAnnotations UP-TO-DATE
> Task :react-native-maps:mergeReleaseGeneratedProguardFiles UP-TO-DATE
> Task :react-native-maps:mergeReleaseConsumerProguardFiles UP-TO-DATE
> Task :react-native-maps:mergeReleaseShaders UP-TO-DATE
> Task :react-native-maps:compileReleaseShaders NO-SOURCE
> Task :react-native-maps:generateReleaseAssets UP-TO-DATE
> Task :react-native-maps:packageReleaseAssets UP-TO-DATE
> Task :react-native-maps:prepareReleaseArtProfile UP-TO-DATE
> Task :react-native-maps:mergeReleaseJavaResource UP-TO-DATE
> Task :react-native-maps:syncReleaseLibJars UP-TO-DATE
> Task :react-native-maps:bundleReleaseLocalLintAar UP-TO-DATE
> Task :react-native-reanimated:configureCMakeRelWithDebInfo[arm64-v8a]
> Task :react-native-reanimated:buildCMakeRelWithDebInfo[arm64-v8a]
> Task :react-native-reanimated:configureCMakeRelWithDebInfo[armeabi-v7a]
> Task :react-native-reanimated:buildCMakeRelWithDebInfo[armeabi-v7a]
> Task :react-native-reanimated:configureCMakeRelWithDebInfo[x86]
> Task :react-native-reanimated:buildCMakeRelWithDebInfo[x86]
> Task :react-native-reanimated:configureCMakeRelWithDebInfo[x86_64]

> Task :expo:compileReleaseKotlin
w: file:///Users/kingtay/Desktop/g%20taxi%20rider/apps/rider/node_modules/expo/android/src/main/java/expo/modules/ReactActivityDelegateWrapper.kt:163:34 'constructor ReactDelegate(Activity!, ReactNativeHost!, String?, Bundle?)' is deprecated. Deprecated in Java
w: file:///Users/kingtay/Desktop/g%20taxi%20rider/apps/rider/node_modules/expo/android/src/main/java/expo/modules/fetch/NativeResponse.kt:40:16 This declaration overrides deprecated member but not marked as deprecated itself. Please add @Deprecated annotation or suppress. See https://youtrack.jetbrains.com/issue/KT-47902 for details
w: file:///Users/kingtay/Desktop/g%20taxi%20rider/apps/rider/node_modules/expo/android/src/main/java/expo/modules/fetch/NativeResponse.kt:42:11 'deallocate(): Unit' is deprecated. Use sharedObjectDidRelease() instead.

> Task :react-native-reanimated:buildCMakeRelWithDebInfo[x86_64]
> Task :expo:compileReleaseJavaWithJavac
> Task :expo:processReleaseJavaRes
> Task :expo:bundleLibRuntimeToJarRelease
> Task :expo:bundleLibCompileToJarRelease
> Task :expo:generateReleaseLintModel
> Task :expo:createFullJarRelease
> Task :expo:extractReleaseAnnotations
> Task :expo:mergeReleaseGeneratedProguardFiles UP-TO-DATE
> Task :expo:mergeReleaseConsumerProguardFiles
> Task :react-native-reanimated:mergeReleaseJniLibFolders
> Task :expo:mergeReleaseJavaResource
> Task :expo:syncReleaseLibJars
> Task :expo:bundleReleaseLocalLintAar
> Task :react-native-reanimated:extractDeepLinksForAarRelease UP-TO-DATE
> Task :react-native-reanimated:extractReleaseAnnotations
> Task :react-native-reanimated:mergeReleaseGeneratedProguardFiles UP-TO-DATE
> Task :react-native-reanimated:mergeReleaseConsumerProguardFiles
> Task :react-native-reanimated:mergeReleaseShaders
> Task :react-native-reanimated:compileReleaseShaders NO-SOURCE
> Task :react-native-reanimated:generateReleaseAssets UP-TO-DATE
> Task :react-native-reanimated:packageReleaseAssets
> Task :react-native-reanimated:externalNativeBuildRelease
> Task :react-native-reanimated:generateJsonModelRelease
> Task :react-native-reanimated:prefabReleaseConfigurePackage UP-TO-DATE
> Task :react-native-reanimated:mergeReleaseNativeLibs
> Task :react-native-reanimated:prefabReleasePackage
> Task :react-native-reanimated:prepareReleaseArtProfile UP-TO-DATE
> Task :react-native-reanimated:mergeReleaseJavaResource
> Task :react-native-svg:mergeReleaseJniLibFolders
> Task :react-native-reanimated:stripReleaseDebugSymbols
> Task :react-native-reanimated:syncReleaseLibJars
> Task :react-native-svg:mergeReleaseNativeLibs NO-SOURCE
> Task :react-native-svg:stripReleaseDebugSymbols NO-SOURCE
> Task :react-native-svg:copyReleaseJniLibsProjectAndLocalJars
> Task :react-native-svg:extractDeepLinksForAarRelease UP-TO-DATE
> Task :react-native-reanimated:copyReleaseJniLibsProjectAndLocalJars
> Task :react-native-svg:extractReleaseAnnotations
> Task :react-native-reanimated:bundleReleaseLocalLintAar
> Task :react-native-svg:mergeReleaseGeneratedProguardFiles UP-TO-DATE
> Task :react-native-svg:mergeReleaseConsumerProguardFiles
> Task :react-native-svg:mergeReleaseShaders
> Task :react-native-svg:compileReleaseShaders NO-SOURCE
> Task :react-native-svg:generateReleaseAssets UP-TO-DATE
> Task :react-native-svg:packageReleaseAssets
> Task :react-native-svg:prepareReleaseArtProfile UP-TO-DATE
> Task :expo-application:mergeReleaseJniLibFolders
> Task :react-native-svg:mergeReleaseJavaResource
> Task :expo-application:mergeReleaseNativeLibs NO-SOURCE
> Task :react-native-svg:syncReleaseLibJars
> Task :react-native-svg:bundleReleaseLocalLintAar
> Task :expo-application:stripReleaseDebugSymbols NO-SOURCE
> Task :expo-application:copyReleaseJniLibsProjectAndLocalJars
> Task :expo-application:extractDeepLinksForAarRelease UP-TO-DATE
> Task :expo-application:extractReleaseAnnotations
> Task :expo-application:mergeReleaseGeneratedProguardFiles UP-TO-DATE
> Task :expo-application:mergeReleaseConsumerProguardFiles UP-TO-DATE
> Task :expo-application:mergeReleaseShaders
> Task :expo-application:compileReleaseShaders NO-SOURCE
> Task :expo-application:generateReleaseAssets UP-TO-DATE
> Task :expo-application:packageReleaseAssets
> Task :expo-application:prepareReleaseArtProfile UP-TO-DATE
> Task :expo-asset:mergeReleaseJniLibFolders
> Task :expo-asset:mergeReleaseNativeLibs NO-SOURCE
> Task :expo-asset:stripReleaseDebugSymbols NO-SOURCE
> Task :expo-application:mergeReleaseJavaResource
> Task :expo-asset:copyReleaseJniLibsProjectAndLocalJars
> Task :expo-application:syncReleaseLibJars
> Task :expo-application:bundleReleaseLocalLintAar
> Task :expo-asset:extractDeepLinksForAarRelease UP-TO-DATE
> Task :expo-asset:extractReleaseAnnotations
> Task :expo-asset:mergeReleaseGeneratedProguardFiles UP-TO-DATE
> Task :expo-asset:mergeReleaseConsumerProguardFiles UP-TO-DATE
> Task :expo-asset:mergeReleaseShaders
> Task :expo-asset:compileReleaseShaders NO-SOURCE
> Task :expo-asset:generateReleaseAssets UP-TO-DATE
> Task :expo-asset:packageReleaseAssets
> Task :expo-asset:prepareReleaseArtProfile UP-TO-DATE
> Task :expo-blur:mergeReleaseJniLibFolders
> Task :expo-blur:mergeReleaseNativeLibs NO-SOURCE
> Task :expo-blur:stripReleaseDebugSymbols NO-SOURCE
> Task :expo-asset:mergeReleaseJavaResource
> Task :expo-blur:copyReleaseJniLibsProjectAndLocalJars
> Task :expo-asset:syncReleaseLibJars
> Task :expo-asset:bundleReleaseLocalLintAar
> Task :expo-blur:extractDeepLinksForAarRelease UP-TO-DATE
> Task :expo-blur:extractReleaseAnnotations
> Task :expo-blur:mergeReleaseGeneratedProguardFiles UP-TO-DATE
> Task :expo-blur:mergeReleaseConsumerProguardFiles UP-TO-DATE
> Task :expo-blur:mergeReleaseShaders
> Task :expo-blur:compileReleaseShaders NO-SOURCE
> Task :expo-blur:generateReleaseAssets UP-TO-DATE
> Task :expo-blur:packageReleaseAssets
> Task :expo-blur:prepareReleaseArtProfile UP-TO-DATE
> Task :expo-camera:mergeReleaseJniLibFolders
> Task :expo-camera:mergeReleaseNativeLibs NO-SOURCE
> Task :expo-camera:stripReleaseDebugSymbols NO-SOURCE
> Task :expo-blur:mergeReleaseJavaResource
> Task :expo-camera:copyReleaseJniLibsProjectAndLocalJars
> Task :expo-blur:syncReleaseLibJars
> Task :expo-blur:bundleReleaseLocalLintAar
> Task :expo-camera:extractDeepLinksForAarRelease UP-TO-DATE
> Task :expo-camera:extractReleaseAnnotations
> Task :expo-camera:mergeReleaseGeneratedProguardFiles UP-TO-DATE
> Task :expo-camera:mergeReleaseConsumerProguardFiles UP-TO-DATE
> Task :expo-camera:mergeReleaseShaders
> Task :expo-camera:compileReleaseShaders NO-SOURCE
> Task :expo-camera:generateReleaseAssets UP-TO-DATE
> Task :expo-camera:packageReleaseAssets
> Task :expo-camera:prepareReleaseArtProfile UP-TO-DATE
> Task :expo-constants:mergeReleaseJniLibFolders
> Task :expo-constants:mergeReleaseNativeLibs NO-SOURCE
> Task :expo-constants:stripReleaseDebugSymbols NO-SOURCE
> Task :expo-camera:mergeReleaseJavaResource
> Task :expo-constants:copyReleaseJniLibsProjectAndLocalJars
> Task :expo-camera:syncReleaseLibJars
> Task :expo-camera:bundleReleaseLocalLintAar
> Task :expo-constants:extractDeepLinksForAarRelease UP-TO-DATE
> Task :expo-constants:extractReleaseAnnotations
> Task :expo-constants:mergeReleaseGeneratedProguardFiles UP-TO-DATE
> Task :expo-constants:mergeReleaseConsumerProguardFiles UP-TO-DATE
> Task :expo-constants:mergeReleaseShaders
> Task :expo-constants:compileReleaseShaders NO-SOURCE
> Task :expo-constants:generateReleaseAssets UP-TO-DATE
> Task :expo-constants:packageReleaseAssets
> Task :expo-constants:prepareReleaseArtProfile UP-TO-DATE
> Task :expo-device:mergeReleaseJniLibFolders
> Task :expo-device:mergeReleaseNativeLibs NO-SOURCE
> Task :expo-device:stripReleaseDebugSymbols NO-SOURCE
> Task :expo-constants:mergeReleaseJavaResource
> Task :expo-device:copyReleaseJniLibsProjectAndLocalJars
> Task :expo-constants:syncReleaseLibJars
> Task :expo-constants:bundleReleaseLocalLintAar
> Task :expo-device:extractDeepLinksForAarRelease UP-TO-DATE
> Task :expo-device:extractReleaseAnnotations
> Task :expo-device:mergeReleaseGeneratedProguardFiles UP-TO-DATE
> Task :expo-device:mergeReleaseConsumerProguardFiles UP-TO-DATE
> Task :expo-device:mergeReleaseShaders
> Task :expo-device:compileReleaseShaders NO-SOURCE
> Task :expo-device:generateReleaseAssets UP-TO-DATE
> Task :expo-device:packageReleaseAssets
> Task :expo-device:prepareReleaseArtProfile UP-TO-DATE
> Task :expo-file-system:mergeReleaseJniLibFolders
> Task :expo-file-system:mergeReleaseNativeLibs NO-SOURCE
> Task :expo-device:mergeReleaseJavaResource
> Task :expo-file-system:stripReleaseDebugSymbols NO-SOURCE
> Task :expo-device:syncReleaseLibJars
> Task :expo-device:bundleReleaseLocalLintAar
> Task :expo-file-system:copyReleaseJniLibsProjectAndLocalJars
> Task :expo-file-system:extractDeepLinksForAarRelease UP-TO-DATE
> Task :expo-file-system:extractReleaseAnnotations
> Task :expo-file-system:mergeReleaseGeneratedProguardFiles UP-TO-DATE
> Task :expo-file-system:mergeReleaseConsumerProguardFiles UP-TO-DATE
> Task :expo-file-system:mergeReleaseShaders
> Task :expo-file-system:compileReleaseShaders NO-SOURCE
> Task :expo-file-system:generateReleaseAssets UP-TO-DATE
> Task :expo-file-system:packageReleaseAssets
> Task :expo-file-system:prepareReleaseArtProfile UP-TO-DATE
> Task :expo-font:mergeReleaseJniLibFolders
> Task :expo-font:mergeReleaseNativeLibs NO-SOURCE
> Task :expo-font:stripReleaseDebugSymbols NO-SOURCE
> Task :expo-font:extractDeepLinksForAarRelease UP-TO-DATE
> Task :expo-font:copyReleaseJniLibsProjectAndLocalJars
> Task :expo-file-system:mergeReleaseJavaResource
> Task :expo-font:extractReleaseAnnotations
> Task :expo-file-system:syncReleaseLibJars
> Task :expo-file-system:bundleReleaseLocalLintAar
> Task :expo-font:mergeReleaseGeneratedProguardFiles UP-TO-DATE
> Task :expo-font:mergeReleaseConsumerProguardFiles UP-TO-DATE
> Task :expo-font:mergeReleaseShaders
> Task :expo-font:compileReleaseShaders NO-SOURCE
> Task :expo-font:generateReleaseAssets UP-TO-DATE
> Task :expo-font:packageReleaseAssets
> Task :expo-font:prepareReleaseArtProfile UP-TO-DATE
> Task :expo-font:mergeReleaseJavaResource
> Task :expo-haptics:mergeReleaseJniLibFolders
> Task :expo-font:syncReleaseLibJars
> Task :expo-font:bundleReleaseLocalLintAar
> Task :expo-haptics:mergeReleaseNativeLibs NO-SOURCE
> Task :expo-haptics:stripReleaseDebugSymbols NO-SOURCE
> Task :expo-haptics:copyReleaseJniLibsProjectAndLocalJars
> Task :expo-haptics:extractDeepLinksForAarRelease UP-TO-DATE
> Task :expo-haptics:extractReleaseAnnotations
> Task :expo-haptics:mergeReleaseGeneratedProguardFiles UP-TO-DATE
> Task :expo-haptics:mergeReleaseConsumerProguardFiles UP-TO-DATE
> Task :expo-haptics:mergeReleaseShaders
> Task :expo-haptics:compileReleaseShaders NO-SOURCE
> Task :expo-haptics:generateReleaseAssets UP-TO-DATE
> Task :expo-haptics:packageReleaseAssets
> Task :expo-haptics:prepareReleaseArtProfile UP-TO-DATE
> Task :expo-image-loader:mergeReleaseJniLibFolders
> Task :expo-image-loader:mergeReleaseNativeLibs NO-SOURCE
> Task :expo-image-loader:stripReleaseDebugSymbols NO-SOURCE
> Task :expo-haptics:mergeReleaseJavaResource
> Task :expo-image-loader:copyReleaseJniLibsProjectAndLocalJars
> Task :expo-haptics:syncReleaseLibJars
> Task :expo-haptics:bundleReleaseLocalLintAar
> Task :expo-image-loader:extractDeepLinksForAarRelease UP-TO-DATE
> Task :expo-image-loader:extractReleaseAnnotations
> Task :expo-image-loader:mergeReleaseGeneratedProguardFiles UP-TO-DATE
> Task :expo-image-loader:mergeReleaseConsumerProguardFiles UP-TO-DATE
> Task :expo-image-loader:mergeReleaseShaders
> Task :expo-image-loader:compileReleaseShaders NO-SOURCE
> Task :expo-image-loader:generateReleaseAssets UP-TO-DATE
> Task :expo-image-loader:packageReleaseAssets
> Task :expo-image-loader:prepareReleaseArtProfile UP-TO-DATE
> Task :expo-image-picker:mergeReleaseJniLibFolders
> Task :expo-image-picker:mergeReleaseNativeLibs NO-SOURCE
> Task :expo-image-picker:stripReleaseDebugSymbols NO-SOURCE
> Task :expo-image-picker:copyReleaseJniLibsProjectAndLocalJars
> Task :expo-image-picker:extractDeepLinksForAarRelease UP-TO-DATE
> Task :expo-image-loader:mergeReleaseJavaResource
> Task :expo-image-picker:extractReleaseAnnotations
> Task :expo-image-loader:syncReleaseLibJars
> Task :expo-image-loader:bundleReleaseLocalLintAar
> Task :expo-image-picker:mergeReleaseGeneratedProguardFiles UP-TO-DATE
> Task :expo-image-picker:mergeReleaseConsumerProguardFiles UP-TO-DATE
> Task :expo-image-picker:mergeReleaseShaders
> Task :expo-image-picker:compileReleaseShaders NO-SOURCE
> Task :expo-image-picker:generateReleaseAssets UP-TO-DATE
> Task :expo-image-picker:packageReleaseAssets
> Task :expo-image-picker:prepareReleaseArtProfile UP-TO-DATE
> Task :expo-keep-awake:mergeReleaseJniLibFolders
> Task :expo-keep-awake:mergeReleaseNativeLibs NO-SOURCE
> Task :expo-keep-awake:stripReleaseDebugSymbols NO-SOURCE
> Task :expo-image-picker:mergeReleaseJavaResource
> Task :expo-keep-awake:copyReleaseJniLibsProjectAndLocalJars
> Task :expo-image-picker:syncReleaseLibJars
> Task :expo-image-picker:bundleReleaseLocalLintAar
> Task :expo-keep-awake:extractDeepLinksForAarRelease UP-TO-DATE
> Task :expo-keep-awake:extractReleaseAnnotations
> Task :expo-keep-awake:mergeReleaseGeneratedProguardFiles UP-TO-DATE
> Task :expo-keep-awake:mergeReleaseConsumerProguardFiles UP-TO-DATE
> Task :expo-keep-awake:mergeReleaseShaders
> Task :expo-keep-awake:compileReleaseShaders NO-SOURCE
> Task :expo-keep-awake:generateReleaseAssets UP-TO-DATE
> Task :expo-keep-awake:packageReleaseAssets
> Task :expo-keep-awake:prepareReleaseArtProfile UP-TO-DATE
> Task :expo-keep-awake:mergeReleaseJavaResource
> Task :expo-keep-awake:syncReleaseLibJars
> Task :expo-keep-awake:bundleReleaseLocalLintAar
> Task :expo-linear-gradient:mergeReleaseJniLibFolders
> Task :expo-linear-gradient:mergeReleaseNativeLibs NO-SOURCE
> Task :expo-linear-gradient:stripReleaseDebugSymbols NO-SOURCE
> Task :expo-linear-gradient:copyReleaseJniLibsProjectAndLocalJars
> Task :expo-linear-gradient:extractDeepLinksForAarRelease UP-TO-DATE
> Task :expo-linear-gradient:extractReleaseAnnotations
> Task :expo-linear-gradient:mergeReleaseGeneratedProguardFiles UP-TO-DATE
> Task :expo-linear-gradient:mergeReleaseConsumerProguardFiles UP-TO-DATE
> Task :expo-linear-gradient:mergeReleaseShaders
> Task :expo-linear-gradient:compileReleaseShaders NO-SOURCE
> Task :expo-linear-gradient:generateReleaseAssets UP-TO-DATE
> Task :expo-linear-gradient:packageReleaseAssets
> Task :expo-linear-gradient:prepareReleaseArtProfile UP-TO-DATE
> Task :expo-linear-gradient:mergeReleaseJavaResource
> Task :expo-location:mergeReleaseJniLibFolders
> Task :expo-linear-gradient:syncReleaseLibJars
> Task :expo-linear-gradient:bundleReleaseLocalLintAar
> Task :expo-location:mergeReleaseNativeLibs NO-SOURCE
> Task :expo-location:stripReleaseDebugSymbols NO-SOURCE
> Task :expo-location:copyReleaseJniLibsProjectAndLocalJars
> Task :expo-location:extractDeepLinksForAarRelease UP-TO-DATE
> Task :expo-location:extractReleaseAnnotations
> Task :expo-location:mergeReleaseGeneratedProguardFiles UP-TO-DATE
> Task :expo-location:mergeReleaseConsumerProguardFiles UP-TO-DATE
> Task :expo-location:mergeReleaseShaders
> Task :expo-location:compileReleaseShaders NO-SOURCE
> Task :expo-location:generateReleaseAssets UP-TO-DATE
> Task :expo-location:packageReleaseAssets
> Task :expo-location:prepareReleaseArtProfile UP-TO-DATE
> Task :expo-notifications:mergeReleaseJniLibFolders
> Task :expo-notifications:mergeReleaseNativeLibs NO-SOURCE
> Task :expo-location:mergeReleaseJavaResource
> Task :expo-notifications:stripReleaseDebugSymbols NO-SOURCE

> Task :app:compileReleaseKotlin
w: Flag is not supported by this version of the compiler: -Xsuppress-deprecated-warnings

> Task :expo-location:syncReleaseLibJars
> Task :app:compileReleaseJavaWithJavac
> Task :app:generateReleaseLintVitalReportModel
> Task :expo-location:bundleReleaseLocalLintAar
> Task :expo-notifications:copyReleaseJniLibsProjectAndLocalJars
> Task :expo-notifications:extractDeepLinksForAarRelease UP-TO-DATE
> Task :expo-notifications:extractReleaseAnnotations
> Task :expo-notifications:mergeReleaseGeneratedProguardFiles UP-TO-DATE
> Task :expo-notifications:mergeReleaseConsumerProguardFiles UP-TO-DATE
> Task :expo-notifications:mergeReleaseShaders
> Task :expo-notifications:compileReleaseShaders NO-SOURCE
> Task :expo-notifications:generateReleaseAssets UP-TO-DATE
> Task :expo-notifications:packageReleaseAssets
> Task :expo-notifications:prepareReleaseArtProfile UP-TO-DATE
> Task :expo-system-ui:mergeReleaseJniLibFolders
> Task :expo-system-ui:mergeReleaseNativeLibs NO-SOURCE
> Task :expo-system-ui:stripReleaseDebugSymbols NO-SOURCE
> Task :expo-system-ui:copyReleaseJniLibsProjectAndLocalJars
> Task :expo-system-ui:extractDeepLinksForAarRelease UP-TO-DATE
> Task :expo-notifications:mergeReleaseJavaResource
> Task :expo-system-ui:extractReleaseAnnotations
> Task :expo-notifications:syncReleaseLibJars
> Task :expo-notifications:bundleReleaseLocalLintAar
> Task :expo-system-ui:mergeReleaseGeneratedProguardFiles UP-TO-DATE
> Task :expo-system-ui:mergeReleaseConsumerProguardFiles UP-TO-DATE
> Task :expo-system-ui:mergeReleaseShaders
> Task :expo-system-ui:compileReleaseShaders NO-SOURCE
> Task :expo-system-ui:generateReleaseAssets UP-TO-DATE
> Task :expo-system-ui:packageReleaseAssets
> Task :expo-system-ui:prepareReleaseArtProfile UP-TO-DATE
> Task :expo-system-ui:mergeReleaseJavaResource
> Task :expo-modules-core:configureCMakeRelWithDebInfo[arm64-v8a]
> Task :expo-system-ui:syncReleaseLibJars
> Task :expo-system-ui:bundleReleaseLocalLintAar
> Task :expo-modules-core:buildCMakeRelWithDebInfo[arm64-v8a]
> Task :expo-modules-core:configureCMakeRelWithDebInfo[armeabi-v7a]
> Task :expo-modules-core:buildCMakeRelWithDebInfo[armeabi-v7a]
> Task :expo-modules-core:configureCMakeRelWithDebInfo[x86]
> Task :expo-modules-core:buildCMakeRelWithDebInfo[x86]
> Task :expo-modules-core:configureCMakeRelWithDebInfo[x86_64]
> Task :expo-modules-core:buildCMakeRelWithDebInfo[x86_64]
> Task :expo-modules-core:mergeReleaseJniLibFolders
> Task :expo-modules-core:extractDeepLinksForAarRelease UP-TO-DATE
> Task :expo-modules-core:extractReleaseAnnotations
> Task :expo-modules-core:mergeReleaseGeneratedProguardFiles UP-TO-DATE
> Task :expo-modules-core:mergeReleaseConsumerProguardFiles
> Task :expo-modules-core:mergeReleaseShaders
> Task :expo-modules-core:compileReleaseShaders NO-SOURCE
> Task :expo-modules-core:generateReleaseAssets UP-TO-DATE
> Task :expo-modules-core:packageReleaseAssets
> Task :expo-modules-core:prepareReleaseArtProfile UP-TO-DATE
> Task :expo-modules-core:mergeReleaseJavaResource
> Task :expo-application:writeReleaseLintModelMetadata
> Task :expo-modules-core:mergeReleaseNativeLibs
> Task :expo-modules-core:syncReleaseLibJars
> Task :expo-asset:writeReleaseLintModelMetadata
> Task :expo-blur:writeReleaseLintModelMetadata
> Task :expo-camera:writeReleaseLintModelMetadata
> Task :expo-constants:writeReleaseLintModelMetadata
> Task :expo-device:writeReleaseLintModelMetadata
> Task :expo-file-system:writeReleaseLintModelMetadata
> Task :expo-font:writeReleaseLintModelMetadata
> Task :expo-haptics:writeReleaseLintModelMetadata
> Task :expo-image-loader:writeReleaseLintModelMetadata
> Task :expo-image-picker:writeReleaseLintModelMetadata
> Task :expo-keep-awake:writeReleaseLintModelMetadata
> Task :expo-linear-gradient:writeReleaseLintModelMetadata
> Task :expo-location:writeReleaseLintModelMetadata
> Task :expo-modules-core:writeReleaseLintModelMetadata
> Task :expo-notifications:writeReleaseLintModelMetadata
> Task :expo-system-ui:writeReleaseLintModelMetadata
> Task :expo:writeReleaseLintModelMetadata
> Task :expo-modules-core:stripReleaseDebugSymbols
> Task :expo-modules-core:copyReleaseJniLibsProjectAndLocalJars
> Task :expo-modules-core:bundleReleaseLocalLintAar
> Task :lottie-react-native:writeReleaseLintModelMetadata
> Task :react-native-async-storage_async-storage:writeReleaseLintModelMetadata
> Task :react-native-community_netinfo:writeReleaseLintModelMetadata
> Task :react-native-community_slider:writeReleaseLintModelMetadata
> Task :react-native-reanimated:writeReleaseLintModelMetadata
> Task :react-native-gesture-handler:writeReleaseLintModelMetadata
> Task :react-native-maps:writeReleaseLintModelMetadata
> Task :react-native-safe-area-context:writeReleaseLintModelMetadata
> Task :react-native-screens:writeReleaseLintModelMetadata
> Task :react-native-svg:writeReleaseLintModelMetadata
> Task :sentry_react-native:writeReleaseLintModelMetadata
> Task :stripe_stripe-react-native:writeReleaseLintModelMetadata
> Task :expo:generateReleaseLintVitalModel
> Task :expo-application:generateReleaseLintVitalModel
> Task :expo-asset:generateReleaseLintVitalModel
> Task :expo-blur:generateReleaseLintVitalModel
> Task :expo-camera:generateReleaseLintVitalModel
> Task :expo-constants:generateReleaseLintVitalModel
> Task :expo-device:generateReleaseLintVitalModel
> Task :expo-file-system:generateReleaseLintVitalModel
> Task :expo-font:generateReleaseLintVitalModel
> Task :expo-haptics:generateReleaseLintVitalModel
> Task :expo-image-loader:generateReleaseLintVitalModel
> Task :expo-image-picker:generateReleaseLintVitalModel
> Task :expo-keep-awake:generateReleaseLintVitalModel
> Task :expo-linear-gradient:generateReleaseLintVitalModel
> Task :expo-location:generateReleaseLintVitalModel
> Task :expo-modules-core:generateReleaseLintVitalModel
> Task :expo-notifications:generateReleaseLintVitalModel
> Task :expo-system-ui:generateReleaseLintVitalModel
> Task :lottie-react-native:generateReleaseLintVitalModel
> Task :react-native-async-storage_async-storage:generateReleaseLintVitalModel
> Task :react-native-community_netinfo:generateReleaseLintVitalModel
> Task :react-native-community_slider:generateReleaseLintVitalModel
> Task :react-native-gesture-handler:generateReleaseLintVitalModel
> Task :react-native-maps:generateReleaseLintVitalModel
> Task :react-native-reanimated:generateReleaseLintVitalModel
> Task :react-native-safe-area-context:generateReleaseLintVitalModel
> Task :react-native-screens:generateReleaseLintVitalModel
> Task :react-native-svg:generateReleaseLintVitalModel
> Task :sentry_react-native:generateReleaseLintVitalModel
> Task :stripe_stripe-react-native:generateReleaseLintVitalModel
> Task :app:mergeReleaseJniLibFolders
> Task :expo:copyReleaseJniLibsProjectOnly
> Task :expo-application:copyReleaseJniLibsProjectOnly
> Task :expo-blur:copyReleaseJniLibsProjectOnly
> Task :expo-camera:copyReleaseJniLibsProjectOnly
> Task :expo-asset:copyReleaseJniLibsProjectOnly
> Task :expo-constants:copyReleaseJniLibsProjectOnly
> Task :expo-device:copyReleaseJniLibsProjectOnly
> Task :expo-file-system:copyReleaseJniLibsProjectOnly
> Task :expo-font:copyReleaseJniLibsProjectOnly
> Task :expo-haptics:copyReleaseJniLibsProjectOnly
> Task :expo-image-loader:copyReleaseJniLibsProjectOnly
> Task :expo-image-picker:copyReleaseJniLibsProjectOnly
> Task :expo-keep-awake:copyReleaseJniLibsProjectOnly
> Task :expo-linear-gradient:copyReleaseJniLibsProjectOnly
> Task :expo-location:copyReleaseJniLibsProjectOnly
> Task :expo-notifications:copyReleaseJniLibsProjectOnly
> Task :expo-system-ui:copyReleaseJniLibsProjectOnly
> Task :lottie-react-native:copyReleaseJniLibsProjectOnly
> Task :react-native-async-storage_async-storage:copyReleaseJniLibsProjectOnly
> Task :react-native-community_netinfo:copyReleaseJniLibsProjectOnly
> Task :react-native-community_slider:copyReleaseJniLibsProjectOnly
> Task :react-native-gesture-handler:copyReleaseJniLibsProjectOnly
> Task :react-native-maps:copyReleaseJniLibsProjectOnly
> Task :react-native-safe-area-context:copyReleaseJniLibsProjectOnly
> Task :react-native-svg:copyReleaseJniLibsProjectOnly
> Task :sentry_react-native:copyReleaseJniLibsProjectOnly
> Task :stripe_stripe-react-native:copyReleaseJniLibsProjectOnly
> Task :react-native-screens:copyReleaseJniLibsProjectOnly
> Task :lottie-react-native:bundleLibRuntimeToDirRelease
> Task :expo:bundleLibRuntimeToDirRelease
> Task :stripe_stripe-react-native:bundleLibRuntimeToDirRelease
> Task :expo-modules-core:copyReleaseJniLibsProjectOnly
> Task :react-native-reanimated:copyReleaseJniLibsProjectOnly
> Task :react-native-gesture-handler:bundleLibRuntimeToDirRelease
> Task :react-native-safe-area-context:bundleLibRuntimeToDirRelease
> Task :react-native-screens:bundleLibRuntimeToDirRelease
> Task :react-native-async-storage_async-storage:bundleLibRuntimeToDirRelease
> Task :react-native-community_netinfo:bundleLibRuntimeToDirRelease
> Task :react-native-community_slider:bundleLibRuntimeToDirRelease
> Task :sentry_react-native:bundleLibRuntimeToDirRelease
> Task :react-native-maps:bundleLibRuntimeToDirRelease
> Task :app:mergeReleaseNativeLibs
> Task :react-native-reanimated:bundleLibRuntimeToDirRelease
> Task :expo-application:bundleLibRuntimeToDirRelease
> Task :expo-asset:bundleLibRuntimeToDirRelease
> Task :expo-blur:bundleLibRuntimeToDirRelease
> Task :react-native-svg:bundleLibRuntimeToDirRelease
> Task :app:stripReleaseDebugSymbols
> Task :expo-camera:bundleLibRuntimeToDirRelease
> Task :expo-constants:bundleLibRuntimeToDirRelease
> Task :expo-device:bundleLibRuntimeToDirRelease
> Task :app:extractReleaseNativeSymbolTables
> Task :expo-font:bundleLibRuntimeToDirRelease
> Task :expo-haptics:bundleLibRuntimeToDirRelease
> Task :expo-file-system:bundleLibRuntimeToDirRelease
> Task :expo-image-loader:bundleLibRuntimeToDirRelease
> Task :expo-image-picker:bundleLibRuntimeToDirRelease
> Task :app:mergeReleaseNativeDebugMetadata
> Task :expo-keep-awake:bundleLibRuntimeToDirRelease
> Task :expo-linear-gradient:bundleLibRuntimeToDirRelease
> Task :expo-system-ui:bundleLibRuntimeToDirRelease
> Task :expo-location:bundleLibRuntimeToDirRelease
> Task :expo-notifications:bundleLibRuntimeToDirRelease
> Task :lottie-react-native:lintVitalAnalyzeRelease
> Task :app:checkReleaseDuplicateClasses
> Task :expo-modules-core:bundleLibRuntimeToDirRelease
> Task :app:dexBuilderRelease
> Task :app:desugarReleaseFileDependencies
> Task :app:mergeReleaseStartupProfile UP-TO-DATE
> Task :app:mergeReleaseArtProfile
> Task :app:mergeReleaseShaders
> Task :app:compileReleaseShaders NO-SOURCE
> Task :app:generateReleaseAssets UP-TO-DATE
> Task :app:mergeReleaseGlobalSynthetics
> Task :app:mergeReleaseAssets
> Task :app:extractReleaseVersionControlInfo
> Task :app:processReleaseJavaRes
> Task :app:compressReleaseAssets
> Task :expo-modules-core:lintVitalAnalyzeRelease
> Task :expo:lintVitalAnalyzeRelease
> Task :expo-application:lintVitalAnalyzeRelease
> Task :app:collectReleaseDependencies
> Task :app:optimizeReleaseResources
> Task :app:sdkReleaseDependencyData
> Task :app:validateSigningRelease
> Task :app:writeReleaseAppMetadata
> Task :app:writeReleaseSigningConfigVersions
> Task :expo:bundleReleaseAar
> Task :expo:mapReleaseSourceSetPaths
> Task :expo-asset:lintVitalAnalyzeRelease
> Task :expo:mergeReleaseResources
> Task :expo-application:bundleReleaseAar
> Task :expo-application:mapReleaseSourceSetPaths
> Task :app:mergeReleaseJavaResource
> Task :expo-application:mergeReleaseResources
> Task :expo-asset:bundleReleaseAar
> Task :expo-asset:mapReleaseSourceSetPaths
> Task :app:mergeExtDexRelease
> Task :expo:verifyReleaseResources
> Task :expo-blur:lintVitalAnalyzeRelease
> Task :expo-asset:mergeReleaseResources
> Task :expo:assembleRelease
> Task :expo-blur:bundleReleaseAar
> Task :expo-blur:mapReleaseSourceSetPaths
> Task :expo-application:verifyReleaseResources
> Task :expo-blur:mergeReleaseResources
> Task :expo-application:assembleRelease
> Task :expo-camera:bundleReleaseAar
> Task :expo-camera:mapReleaseSourceSetPaths
> Task :expo-constants:lintVitalAnalyzeRelease
> Task :expo-asset:verifyReleaseResources
> Task :expo-blur:verifyReleaseResources
> Task :expo-camera:mergeReleaseResources
> Task :expo-asset:assembleRelease
> Task :expo-blur:assembleRelease
> Task :expo-constants:bundleReleaseAar
> Task :expo-constants:mapReleaseSourceSetPaths
> Task :expo-camera:lintVitalAnalyzeRelease
> Task :expo-constants:mergeReleaseResources
> Task :expo-device:bundleReleaseAar
> Task :expo-device:mapReleaseSourceSetPaths
> Task :expo-camera:verifyReleaseResources
> Task :expo-device:lintVitalAnalyzeRelease
> Task :expo-constants:verifyReleaseResources
> Task :expo-device:mergeReleaseResources
> Task :expo-camera:assembleRelease
> Task :expo-constants:assembleRelease
> Task :expo-file-system:bundleReleaseAar
> Task :expo-file-system:mapReleaseSourceSetPaths
> Task :expo-device:verifyReleaseResources
> Task :expo-file-system:mergeReleaseResources
> Task :expo-device:assembleRelease
> Task :expo-font:bundleReleaseAar
> Task :expo-font:mapReleaseSourceSetPaths
> Task :expo-font:lintVitalAnalyzeRelease
> Task :expo-file-system:verifyReleaseResources
> Task :expo-font:mergeReleaseResources
> Task :expo-file-system:assembleRelease
> Task :expo-haptics:bundleReleaseAar
> Task :expo-haptics:mapReleaseSourceSetPaths
> Task :expo-font:verifyReleaseResources
> Task :expo-haptics:mergeReleaseResources
> Task :expo-font:assembleRelease
> Task :expo-image-loader:bundleReleaseAar
> Task :expo-image-loader:mapReleaseSourceSetPaths
> Task :expo-haptics:lintVitalAnalyzeRelease
> Task :expo-haptics:verifyReleaseResources
> Task :expo-image-loader:mergeReleaseResources
> Task :expo-haptics:assembleRelease
> Task :expo-image-picker:bundleReleaseAar
> Task :expo-image-picker:mapReleaseSourceSetPaths
> Task :expo-file-system:lintVitalAnalyzeRelease
> Task :app:mergeDexRelease
> Task :expo-image-loader:verifyReleaseResources
> Task :expo-image-picker:mergeReleaseResources
> Task :expo-image-loader:assembleRelease
> Task :expo-keep-awake:bundleReleaseAar
> Task :expo-keep-awake:mapReleaseSourceSetPaths
> Task :expo-image-loader:lintVitalAnalyzeRelease
> Task :expo-image-picker:verifyReleaseResources
> Task :expo-keep-awake:mergeReleaseResources
> Task :expo-image-picker:assembleRelease
> Task :expo-linear-gradient:bundleReleaseAar
> Task :expo-linear-gradient:mapReleaseSourceSetPaths
> Task :expo-keep-awake:lintVitalAnalyzeRelease
> Task :expo-keep-awake:verifyReleaseResources
> Task :expo-linear-gradient:mergeReleaseResources
> Task :expo-keep-awake:assembleRelease
> Task :expo-location:bundleReleaseAar
> Task :expo-location:mapReleaseSourceSetPaths
> Task :expo-linear-gradient:lintVitalAnalyzeRelease
> Task :expo-linear-gradient:verifyReleaseResources
> Task :expo-location:mergeReleaseResources
> Task :expo-linear-gradient:assembleRelease
> Task :expo-modules-core:bundleReleaseAar
> Task :expo-modules-core:mapReleaseSourceSetPaths
> Task :expo-location:verifyReleaseResources
> Task :expo-modules-core:mergeReleaseResources
> Task :expo-location:assembleRelease
> Task :expo-notifications:bundleReleaseAar
> Task :expo-notifications:mapReleaseSourceSetPaths
> Task :expo-image-picker:lintVitalAnalyzeRelease
> Task :app:compileReleaseArtProfile
> Task :expo-modules-core:verifyReleaseResources
> Task :expo-notifications:mergeReleaseResources
> Task :expo-modules-core:assembleRelease
> Task :expo-system-ui:bundleReleaseAar
> Task :expo-system-ui:mapReleaseSourceSetPaths
> Task :expo-system-ui:mergeReleaseResources
> Task :lottie-react-native:bundleReleaseAar
> Task :lottie-react-native:mapReleaseSourceSetPaths
> Task :expo-notifications:verifyReleaseResources
> Task :app:packageRelease
> Task :app:createReleaseApkListingFileRedirect
> Task :expo-notifications:assembleRelease
> Task :expo-system-ui:verifyReleaseResources
> Task :lottie-react-native:mergeReleaseResources
> Task :expo-system-ui:assembleRelease
> Task :react-native-async-storage_async-storage:bundleReleaseAar
> Task :react-native-async-storage_async-storage:mapReleaseSourceSetPaths
> Task :expo-location:lintVitalAnalyzeRelease
> Task :react-native-async-storage_async-storage:mergeReleaseResources
> Task :lottie-react-native:verifyReleaseResources
> Task :lottie-react-native:assembleRelease
> Task :react-native-community_netinfo:bundleReleaseAar
> Task :react-native-community_netinfo:mapReleaseSourceSetPaths
> Task :react-native-async-storage_async-storage:verifyReleaseResources
> Task :react-native-community_netinfo:mergeReleaseResources
> Task :react-native-async-storage_async-storage:assembleRelease
> Task :react-native-community_slider:bundleReleaseAar
> Task :react-native-community_slider:mapReleaseSourceSetPaths
> Task :expo-system-ui:lintVitalAnalyzeRelease
> Task :react-native-community_netinfo:verifyReleaseResources
> Task :react-native-community_slider:mergeReleaseResources
> Task :react-native-community_netinfo:assembleRelease
> Task :react-native-gesture-handler:bundleReleaseAar
> Task :react-native-gesture-handler:mapReleaseSourceSetPaths
> Task :react-native-async-storage_async-storage:lintVitalAnalyzeRelease
> Task :react-native-community_slider:verifyReleaseResources
> Task :react-native-gesture-handler:mergeReleaseResources
> Task :react-native-community_slider:assembleRelease
> Task :react-native-maps:bundleReleaseAar
> Task :react-native-maps:mapReleaseSourceSetPaths
> Task :react-native-gesture-handler:verifyReleaseResources
> Task :react-native-community_netinfo:lintVitalAnalyzeRelease
> Task :react-native-maps:mergeReleaseResources
> Task :react-native-gesture-handler:assembleRelease
> Task :react-native-community_slider:lintVitalAnalyzeRelease
> Task :react-native-maps:verifyReleaseResources
> Task :react-native-reanimated:bundleReleaseAar
> Task :react-native-maps:assembleRelease
> Task :react-native-reanimated:mapReleaseSourceSetPaths
> Task :expo-notifications:lintVitalAnalyzeRelease
> Task :react-native-reanimated:mergeReleaseResources
> Task :react-native-safe-area-context:bundleReleaseAar
> Task :react-native-safe-area-context:mapReleaseSourceSetPaths
> Task :react-native-safe-area-context:mergeReleaseResources
> Task :react-native-reanimated:verifyReleaseResources
> Task :react-native-screens:bundleReleaseAar
> Task :react-native-reanimated:assembleRelease
> Task :react-native-screens:mapReleaseSourceSetPaths
> Task :react-native-safe-area-context:verifyReleaseResources
> Task :react-native-screens:mergeReleaseResources
> Task :react-native-safe-area-context:assembleRelease
> Task :react-native-svg:bundleReleaseAar
> Task :react-native-svg:mapReleaseSourceSetPaths
> Task :react-native-maps:lintVitalAnalyzeRelease
> Task :react-native-svg:mergeReleaseResources
> Task :sentry_react-native:bundleReleaseAar
> Task :sentry_react-native:mapReleaseSourceSetPaths
> Task :sentry_react-native:mergeReleaseResources
> Task :stripe_stripe-react-native:bundleReleaseAar
> Task :react-native-gesture-handler:lintVitalAnalyzeRelease
> Task :stripe_stripe-react-native:mapReleaseSourceSetPaths
> Task :react-native-svg:verifyReleaseResources
> Task :react-native-screens:verifyReleaseResources
> Task :react-native-screens:assembleRelease
> Task :react-native-svg:assembleRelease
> Task :react-native-reanimated:lintVitalAnalyzeRelease
> Task :sentry_react-native:verifyReleaseResources
> Task :stripe_stripe-react-native:mergeReleaseResources
> Task :sentry_react-native:assembleRelease
> Task :react-native-safe-area-context:lintVitalAnalyzeRelease
> Task :sentry_react-native:lintVitalAnalyzeRelease
> Task :stripe_stripe-react-native:verifyReleaseResources
> Task :stripe_stripe-react-native:assembleRelease
> Task :react-native-svg:lintVitalAnalyzeRelease
> Task :react-native-screens:lintVitalAnalyzeRelease
> Task :stripe_stripe-react-native:lintVitalAnalyzeRelease
> Task :app:lintVitalAnalyzeRelease
> Task :app:lintVitalReportRelease
> Task :app:lintVitalRelease
> Task :app:assembleRelease

BUILD SUCCESSFUL in 9m
1345 actionable tasks: 528 executed, 817 up-to-date
